Archive member included to satisfy reference by file (symbol)

c:/program files (x86)/atollic/truestudio for arm 7.0.1/armtools/bin/../lib/gcc/arm-atollic-eabi/5.3.1/../../../../arm-atollic-eabi/lib/armv7-m\libc.a(lib_a-memset.o)
                              Drivers\STM32F1xx_HAL_Driver\Src\stm32f1xx_hal_rcc.o (memset)
c:/program files (x86)/atollic/truestudio for arm 7.0.1/armtools/bin/../lib/gcc/arm-atollic-eabi/5.3.1/../../../../arm-atollic-eabi/lib/armv7-m\libm.a(lib_a-s_round.o)
                              Src\main.o (round)
c:/program files (x86)/atollic/truestudio for arm 7.0.1/armtools/bin/../lib/gcc/arm-atollic-eabi/5.3.1/armv7-m\libgcc.a(_lshrdi3.o)
                              Drivers\STM32F1xx_HAL_Driver\Src\stm32f1xx_hal_flash.o (__aeabi_llsr)
c:/program files (x86)/atollic/truestudio for arm 7.0.1/armtools/bin/../lib/gcc/arm-atollic-eabi/5.3.1/armv7-m\libgcc.a(_arm_addsubdf3.o)
                              Src\main.o (__aeabi_dadd)
c:/program files (x86)/atollic/truestudio for arm 7.0.1/armtools/bin/../lib/gcc/arm-atollic-eabi/5.3.1/armv7-m\libgcc.a(_arm_muldivdf3.o)
                              Src\main.o (__aeabi_dmul)
c:/program files (x86)/atollic/truestudio for arm 7.0.1/armtools/bin/../lib/gcc/arm-atollic-eabi/5.3.1/armv7-m\libgcc.a(_arm_fixunsdfsi.o)
                              Src\main.o (__aeabi_d2uiz)
c:/program files (x86)/atollic/truestudio for arm 7.0.1/armtools/bin/../lib/gcc/arm-atollic-eabi/5.3.1/armv7-m\libgcc.a(_arm_truncdfsf2.o)
                              Src\main.o (__aeabi_d2f)
c:/program files (x86)/atollic/truestudio for arm 7.0.1/armtools/bin/../lib/gcc/arm-atollic-eabi/5.3.1/armv7-m\libgcc.a(_arm_addsubsf3.o)
                              Src\main.o (__aeabi_ui2f)
c:/program files (x86)/atollic/truestudio for arm 7.0.1/armtools/bin/../lib/gcc/arm-atollic-eabi/5.3.1/armv7-m\libgcc.a(_arm_muldivsf3.o)
                              Src\main.o (__aeabi_fdiv)

Allocating common symbols
Common symbol       size              file

sFilterConfig       0x28              Src\main.o
analog              0x4               Src\main.o
ADC                 0x1c              Src\main.o
htim4               0x3c              Src\main.o
hadc2               0x30              Src\main.o
pFlash              0x20              Drivers\STM32F1xx_HAL_Driver\Src\stm32f1xx_hal_flash.o
htim3               0x3c              Src\main.o
adc1ch              0x48              Src\main.o
hadc1               0x30              Src\main.o
ACC                 0x12              Src\main.o
pwm_in              0x10              Src\main.o
htim2               0x3c              Src\main.o
hcan1               0x40              Src\main.o
TXBuf               0xd0              Src\main.o

Discarded input sections

 .text          0x00000000        0x0 c:/program files (x86)/atollic/truestudio for arm 7.0.1/armtools/bin/../lib/gcc/arm-atollic-eabi/5.3.1/armv7-m/crti.o
 .data          0x00000000        0x0 c:/program files (x86)/atollic/truestudio for arm 7.0.1/armtools/bin/../lib/gcc/arm-atollic-eabi/5.3.1/armv7-m/crti.o
 .bss           0x00000000        0x0 c:/program files (x86)/atollic/truestudio for arm 7.0.1/armtools/bin/../lib/gcc/arm-atollic-eabi/5.3.1/armv7-m/crti.o
 .data          0x00000000        0x4 c:/program files (x86)/atollic/truestudio for arm 7.0.1/armtools/bin/../lib/gcc/arm-atollic-eabi/5.3.1/armv7-m/crtbegin.o
 .text          0x00000000       0x14 Drivers\CMSIS\Device\ST\STM32F1xx\Source\Templates\gcc\startup_stm32f105xc.o
 .data          0x00000000        0x0 Drivers\CMSIS\Device\ST\STM32F1xx\Source\Templates\gcc\startup_stm32f105xc.o
 .bss           0x00000000        0x0 Drivers\CMSIS\Device\ST\STM32F1xx\Source\Templates\gcc\startup_stm32f105xc.o
 .text          0x00000000        0x0 Drivers\CMSIS\Device\ST\STM32F1xx\Source\Templates\system_stm32f1xx.o
 .data          0x00000000        0x0 Drivers\CMSIS\Device\ST\STM32F1xx\Source\Templates\system_stm32f1xx.o
 .bss           0x00000000        0x0 Drivers\CMSIS\Device\ST\STM32F1xx\Source\Templates\system_stm32f1xx.o
 .text.SystemCoreClockUpdate
                0x00000000       0x9c Drivers\CMSIS\Device\ST\STM32F1xx\Source\Templates\system_stm32f1xx.o
 .rodata.APBPrescTable
                0x00000000        0x8 Drivers\CMSIS\Device\ST\STM32F1xx\Source\Templates\system_stm32f1xx.o
 .text          0x00000000        0x0 Drivers\STM32F1xx_HAL_Driver\Src\stm32f1xx_hal.o
 .data          0x00000000        0x0 Drivers\STM32F1xx_HAL_Driver\Src\stm32f1xx_hal.o
 .bss           0x00000000        0x0 Drivers\STM32F1xx_HAL_Driver\Src\stm32f1xx_hal.o
 .text.HAL_MspInit
                0x00000000        0x2 Drivers\STM32F1xx_HAL_Driver\Src\stm32f1xx_hal.o
 .text.HAL_MspDeInit
                0x00000000        0x2 Drivers\STM32F1xx_HAL_Driver\Src\stm32f1xx_hal.o
 .text.HAL_DeInit
                0x00000000       0x24 Drivers\STM32F1xx_HAL_Driver\Src\stm32f1xx_hal.o
 .text.HAL_SuspendTick
[...]
Memory Configuration

Name             Origin             Length             Attributes
RAM              0x20000000         0x00010000         xrw
FLASH            0x08000000         0x00040000         xr
*default*        0x00000000         0xffffffff

Linker script and memory map

LOAD c:/program files (x86)/atollic/truestudio for arm 7.0.1/armtools/bin/../lib/gcc/arm-atollic-eabi/5.3.1/armv7-m/crti.o
LOAD c:/program files (x86)/atollic/truestudio for arm 7.0.1/armtools/bin/../lib/gcc/arm-atollic-eabi/5.3.1/armv7-m/crtbegin.o
LOAD Drivers\CMSIS\Device\ST\STM32F1xx\Source\Templates\gcc\startup_stm32f105xc.o
LOAD Drivers\CMSIS\Device\ST\STM32F1xx\Source\Templates\system_stm32f1xx.o
LOAD Drivers\STM32F1xx_HAL_Driver\Src\stm32f1xx_hal.o
LOAD Drivers\STM32F1xx_HAL_Driver\Src\stm32f1xx_hal_adc.o
LOAD Drivers\STM32F1xx_HAL_Driver\Src\stm32f1xx_hal_adc_ex.o
LOAD Drivers\STM32F1xx_HAL_Driver\Src\stm32f1xx_hal_can.o
LOAD Drivers\STM32F1xx_HAL_Driver\Src\stm32f1xx_hal_cortex.o
LOAD Drivers\STM32F1xx_HAL_Driver\Src\stm32f1xx_hal_dma.o
LOAD Drivers\STM32F1xx_HAL_Driver\Src\stm32f1xx_hal_flash.o
LOAD Drivers\STM32F1xx_HAL_Driver\Src\stm32f1xx_hal_flash_ex.o
LOAD Drivers\STM32F1xx_HAL_Driver\Src\stm32f1xx_hal_gpio.o
LOAD Drivers\STM32F1xx_HAL_Driver\Src\stm32f1xx_hal_gpio_ex.o
LOAD Drivers\STM32F1xx_HAL_Driver\Src\stm32f1xx_hal_pwr.o
LOAD Drivers\STM32F1xx_HAL_Driver\Src\stm32f1xx_hal_rcc.o
LOAD Drivers\STM32F1xx_HAL_Driver\Src\stm32f1xx_hal_rcc_ex.o
LOAD Drivers\STM32F1xx_HAL_Driver\Src\stm32f1xx_hal_tim.o
LOAD Drivers\STM32F1xx_HAL_Driver\Src\stm32f1xx_hal_tim_ex.o
LOAD Src\main.o
LOAD Src\stm32f1xx_hal_msp.o
LOAD Src\stm32f1xx_it.o
START GROUP
LOAD c:/program files (x86)/atollic/truestudio for arm 7.0.1/armtools/bin/../lib/gcc/arm-atollic-eabi/5.3.1/../../../../arm-atollic-eabi/lib/armv7-m\libc.a
LOAD c:/program files (x86)/atollic/truestudio for arm 7.0.1/armtools/bin/../lib/gcc/arm-atollic-eabi/5.3.1/../../../../arm-atollic-eabi/lib/armv7-m\libm.a
END GROUP
                0x00000080                malloc_getpagesize_P = 0x80
START GROUP
LOAD c:/program files (x86)/atollic/truestudio for arm 7.0.1/armtools/bin/../lib/gcc/arm-atollic-eabi/5.3.1/armv7-m\libgcc.a
LOAD c:/program files (x86)/atollic/truestudio for arm 7.0.1/armtools/bin/../lib/gcc/arm-atollic-eabi/5.3.1/../../../../arm-atollic-eabi/lib/armv7-m\libc.a
END GROUP
START GROUP
LOAD c:/program files (x86)/atollic/truestudio for arm 7.0.1/armtools/bin/../lib/gcc/arm-atollic-eabi/5.3.1/armv7-m\libgcc.a
LOAD c:/program files (x86)/atollic/truestudio for arm 7.0.1/armtools/bin/../lib/gcc/arm-atollic-eabi/5.3.1/../../../../arm-atollic-eabi/lib/armv7-m\libc.a
LOAD c:/program files (x86)/atollic/truestudio for arm 7.0.1/armtools/bin/../lib/gcc/arm-atollic-eabi/5.3.1/../../../../arm-atollic-eabi/lib/armv7-m\libnosys.a
END GROUP
LOAD c:/program files (x86)/atollic/truestudio for arm 7.0.1/armtools/bin/../lib/gcc/arm-atollic-eabi/5.3.1/armv7-m/crtend.o
LOAD c:/program files (x86)/atollic/truestudio for arm 7.0.1/armtools/bin/../lib/gcc/arm-atollic-eabi/5.3.1/armv7-m/crtn.o
                0x20010000                _estack = 0x20010000
                0x00000200                _Min_Heap_Size = 0x200
                0x00000400                _Min_Stack_Size = 0x400

.isr_vector     0x08000000      0x1e4
                0x08000000                . = ALIGN (0x4)
 *(.isr_vector)
 .isr_vector    0x08000000      0x1e4 Drivers\CMSIS\Device\ST\STM32F1xx\Source\Templates\gcc\startup_stm32f105xc.o
                0x08000000                g_pfnVectors
                0x080001e4                . = ALIGN (0x4)

.text           0x080001e4     0x2cdc
                0x080001e4                . = ALIGN (0x4)
 *(.text)
 .text          0x080001e4       0x40 c:/program files (x86)/atollic/truestudio for arm 7.0.1/armtools/bin/../lib/gcc/arm-atollic-eabi/5.3.1/armv7-m/crtbegin.o
 .text          0x08000224      0x21c c:/program files (x86)/atollic/truestudio for arm 7.0.1/armtools/bin/../lib/gcc/arm-atollic-eabi/5.3.1/armv7-m\libgcc.a(_arm_addsubsf3.o)
                0x08000224                __aeabi_frsub
                0x0800022c                __subsf3
                0x0800022c                __aeabi_fsub
                0x08000230                __aeabi_fadd
                0x08000230                __addsf3
                0x08000390                __aeabi_ui2f
                0x08000390                __floatunsisf
                0x08000398                __aeabi_i2f
                0x08000398                __floatsisf
                0x080003b4                __aeabi_ul2f
                0x080003b4                __floatundisf
                0x080003c4                __aeabi_l2f
                0x080003c4                __floatdisf
 .text          0x08000440      0x2a0 c:/program files (x86)/atollic/truestudio for arm 7.0.1/armtools/bin/../lib/gcc/arm-atollic-eabi/5.3.1/armv7-m\libgcc.a(_arm_muldivsf3.o)
                0x08000440                __mulsf3
                0x08000440                __aeabi_fmul
                0x080005a8                __aeabi_fdiv
                0x080005a8                __divsf3
 *(.text*)
 .text.Reset_Handler
                0x080006e0       0x44 Drivers\CMSIS\Device\ST\STM32F1xx\Source\Templates\gcc\startup_stm32f105xc.o
                0x080006e0                Reset_Handler
 .text.Default_Handler
                0x08000724        0x2 Drivers\CMSIS\Device\ST\STM32F1xx\Source\Templates\gcc\startup_stm32f105xc.o
                0x08000724                RTC_Alarm_IRQHandler
                0x08000724                EXTI2_IRQHandler
                0x08000724                TIM1_CC_IRQHandler
                0x08000724                TIM6_IRQHandler
                0x08000724                PVD_IRQHandler
                0x08000724                CAN2_RX1_IRQHandler
                0x08000724                EXTI3_IRQHandler
                0x08000724                EXTI0_IRQHandler
                0x08000724                I2C2_EV_IRQHandler
                0x08000724                CAN2_SCE_IRQHandler
                0x08000724                ADC1_2_IRQHandler
                0x08000724                SPI1_IRQHandler
                0x08000724                TAMPER_IRQHandler
                0x08000724                CAN2_RX0_IRQHandler
                0x08000724                DMA2_Channel2_IRQHandler
                0x08000724                DMA1_Channel4_IRQHandler
                0x08000724                USART3_IRQHandler
                0x08000724                RTC_IRQHandler
                0x08000724                DMA1_Channel7_IRQHandler
                0x08000724                UART5_IRQHandler
                0x08000724                DMA2_Channel1_IRQHandler
                0x08000724                I2C1_EV_IRQHandler
                0x08000724                DMA1_Channel6_IRQHandler
                0x08000724                UART4_IRQHandler
                0x08000724                DMA2_Channel4_IRQHandler
                0x08000724                TIM3_IRQHandler
                0x08000724                RCC_IRQHandler
                0x08000724                TIM1_TRG_COM_IRQHandler
                0x08000724                DMA1_Channel1_IRQHandler
                0x08000724                Default_Handler
                0x08000724                EXTI15_10_IRQHandler
                0x08000724                TIM7_IRQHandler
                0x08000724                CAN2_TX_IRQHandler
                0x08000724                TIM5_IRQHandler
                0x08000724                EXTI9_5_IRQHandler
                0x08000724                SPI2_IRQHandler
                0x08000724                DMA2_Channel5_IRQHandler
                0x08000724                DMA1_Channel5_IRQHandler
                0x08000724                EXTI4_IRQHandler
                0x08000724                DMA1_Channel3_IRQHandler
                0x08000724                TIM1_UP_IRQHandler
                0x08000724                WWDG_IRQHandler
                0x08000724                TIM2_IRQHandler
                0x08000724                OTG_FS_WKUP_IRQHandler
                0x08000724                TIM1_BRK_IRQHandler
                0x08000724                EXTI1_IRQHandler
                0x08000724                USART2_IRQHandler
                0x08000724                I2C2_ER_IRQHandler
                0x08000724                DMA1_Channel2_IRQHandler
                0x08000724                FLASH_IRQHandler
                0x08000724                USART1_IRQHandler
                0x08000724                OTG_FS_IRQHandler
                0x08000724                SPI3_IRQHandler
                0x08000724                I2C1_ER_IRQHandler
                0x08000724                DMA2_Channel3_IRQHandler
 *fill*         0x08000726        0x2 
 .text.SystemInit
                0x08000728       0x58 Drivers\CMSIS\Device\ST\STM32F1xx\Source\Templates\system_stm32f1xx.o
                0x08000728                SystemInit
 .text.HAL_InitTick
                0x08000780       0x24 Drivers\STM32F1xx_HAL_Driver\Src\stm32f1xx_hal.o
                0x08000780                HAL_InitTick
 .text.HAL_Init
                0x080007a4       0x24 Drivers\STM32F1xx_HAL_Driver\Src\stm32f1xx_hal.o
                0x080007a4                HAL_Init
 .text.HAL_IncTick
                0x080007c8       0x10 Drivers\STM32F1xx_HAL_Driver\Src\stm32f1xx_hal.o
                0x080007c8                HAL_IncTick
 .text.HAL_GetTick
                0x080007d8        0xc Drivers\STM32F1xx_HAL_Driver\Src\stm32f1xx_hal.o
                0x080007d8                HAL_GetTick
 .text.HAL_Delay
                0x080007e4       0x1a Drivers\STM32F1xx_HAL_Driver\Src\stm32f1xx_hal.o
                0x080007e4                HAL_Delay
 *fill*         0x080007fe        0x2 
 .text.HAL_ADC_ConfigChannel
                0x08000800      0x180 Drivers\STM32F1xx_HAL_Driver\Src\stm32f1xx_hal_adc.o
                0x08000800                HAL_ADC_ConfigChannel
 .text.ADC_Enable
                0x08000980       0x70 Drivers\STM32F1xx_HAL_Driver\Src\stm32f1xx_hal_adc.o
                0x08000980                ADC_Enable
 .text.HAL_ADC_Start
                0x080009f0       0xc4 Drivers\STM32F1xx_HAL_Driver\Src\stm32f1xx_hal_adc.o
                0x080009f0                HAL_ADC_Start
 .text.ADC_ConversionStop_Disable
                0x08000ab4       0x44 Drivers\STM32F1xx_HAL_Driver\Src\stm32f1xx_hal_adc.o
                0x08000ab4                ADC_ConversionStop_Disable
 .text.HAL_ADC_Init
                0x08000af8      0x128 Drivers\STM32F1xx_HAL_Driver\Src\stm32f1xx_hal_adc.o
                0x08000af8                HAL_ADC_Init
 .text.HAL_CAN_Init
                0x08000c20       0xfa Drivers\STM32F1xx_HAL_Driver\Src\stm32f1xx_hal_can.o
                0x08000c20                HAL_CAN_Init
 .text.HAL_CAN_Receive_IT
                0x08000d1a       0x64 Drivers\STM32F1xx_HAL_Driver\Src\stm32f1xx_hal_can.o
                0x08000d1a                HAL_CAN_Receive_IT
 .text.HAL_CAN_TxCpltCallback
                0x08000d7e        0x2 Drivers\STM32F1xx_HAL_Driver\Src\stm32f1xx_hal_can.o
                0x08000d7e                HAL_CAN_TxCpltCallback
 .text.CAN_Receive_IT
                0x08000d80       0xfa Drivers\STM32F1xx_HAL_Driver\Src\stm32f1xx_hal_can.o
 .text.HAL_CAN_ErrorCallback
                0x08000e7a        0x2 Drivers\STM32F1xx_HAL_Driver\Src\stm32f1xx_hal_can.o
                0x08000e7a                HAL_CAN_ErrorCallback
 .text.HAL_CAN_IRQHandler
                0x08000e7c      0x16c Drivers\STM32F1xx_HAL_Driver\Src\stm32f1xx_hal_can.o
                0x08000e7c                HAL_CAN_IRQHandler
 .text.HAL_NVIC_SetPriorityGrouping
                0x08000fe8       0x24 Drivers\STM32F1xx_HAL_Driver\Src\stm32f1xx_hal_cortex.o
                0x08000fe8                HAL_NVIC_SetPriorityGrouping
 .text.HAL_NVIC_SetPriority
                0x0800100c       0x68 Drivers\STM32F1xx_HAL_Driver\Src\stm32f1xx_hal_cortex.o
                0x0800100c                HAL_NVIC_SetPriority
 .text.HAL_NVIC_EnableIRQ
                0x08001074       0x18 Drivers\STM32F1xx_HAL_Driver\Src\stm32f1xx_hal_cortex.o
                0x08001074                HAL_NVIC_EnableIRQ
 .text.HAL_SYSTICK_Config
                0x0800108c       0x2c Drivers\STM32F1xx_HAL_Driver\Src\stm32f1xx_hal_cortex.o
                0x0800108c                HAL_SYSTICK_Config
 .text.HAL_SYSTICK_CLKSourceConfig
                0x080010b8       0x18 Drivers\STM32F1xx_HAL_Driver\Src\stm32f1xx_hal_cortex.o
                0x080010b8                HAL_SYSTICK_CLKSourceConfig
 .text.HAL_SYSTICK_Callback
                0x080010d0        0x2 Drivers\STM32F1xx_HAL_Driver\Src\stm32f1xx_hal_cortex.o
                0x080010d0                HAL_SYSTICK_Callback
 .text.HAL_SYSTICK_IRQHandler
                0x080010d2        0x8 Drivers\STM32F1xx_HAL_Driver\Src\stm32f1xx_hal_cortex.o
                0x080010d2                HAL_SYSTICK_IRQHandler
 *fill*         0x080010da        0x2 
 .text.HAL_GPIO_Init
                0x080010dc      0x1b0 Drivers\STM32F1xx_HAL_Driver\Src\stm32f1xx_hal_gpio.o
                0x080010dc                HAL_GPIO_Init
 .text.HAL_GPIO_WritePin
                0x0800128c        0x8 Drivers\STM32F1xx_HAL_Driver\Src\stm32f1xx_hal_gpio.o
                0x0800128c                HAL_GPIO_WritePin
 .text.HAL_GPIO_TogglePin
                0x08001294        0x8 Drivers\STM32F1xx_HAL_Driver\Src\stm32f1xx_hal_gpio.o
                0x08001294                HAL_GPIO_TogglePin
 .text.HAL_RCC_OscConfig
                0x0800129c      0x604 Drivers\STM32F1xx_HAL_Driver\Src\stm32f1xx_hal_rcc.o
                0x0800129c                HAL_RCC_OscConfig
 .text.HAL_RCC_GetSysClockFreq
                0x080018a0      0x100 Drivers\STM32F1xx_HAL_Driver\Src\stm32f1xx_hal_rcc.o
                0x080018a0                HAL_RCC_GetSysClockFreq
 .text.HAL_RCC_ClockConfig
                0x080019a0      0x164 Drivers\STM32F1xx_HAL_Driver\Src\stm32f1xx_hal_rcc.o
                0x080019a0                HAL_RCC_ClockConfig
 .text.HAL_RCC_GetHCLKFreq
                0x08001b04        0xc Drivers\STM32F1xx_HAL_Driver\Src\stm32f1xx_hal_rcc.o
                0x08001b04                HAL_RCC_GetHCLKFreq
 .text.HAL_RCCEx_PeriphCLKConfig
                0x08001b10      0x1cc Drivers\STM32F1xx_HAL_Driver\Src\stm32f1xx_hal_rcc_ex.o
                0x08001b10                HAL_RCCEx_PeriphCLKConfig
 .text.TIM_OC1_SetConfig
                0x08001cdc       0x50 Drivers\STM32F1xx_HAL_Driver\Src\stm32f1xx_hal_tim.o
 .text.TIM_OC3_SetConfig
                0x08001d2c       0x58 Drivers\STM32F1xx_HAL_Driver\Src\stm32f1xx_hal_tim.o
 .text.TIM_OC4_SetConfig
                0x08001d84       0x44 Drivers\STM32F1xx_HAL_Driver\Src\stm32f1xx_hal_tim.o
 .text.HAL_TIM_Base_Start_IT
                0x08001dc8       0x16 Drivers\STM32F1xx_HAL_Driver\Src\stm32f1xx_hal_tim.o
                0x08001dc8                HAL_TIM_Base_Start_IT
 .text.HAL_TIM_OC_MspInit
                0x08001dde        0x2 Drivers\STM32F1xx_HAL_Driver\Src\stm32f1xx_hal_tim.o
                0x08001dde                HAL_TIM_OC_MspInit
 .text.HAL_TIM_PWM_MspInit
                0x08001de0        0x2 Drivers\STM32F1xx_HAL_Driver\Src\stm32f1xx_hal_tim.o
                0x08001de0                HAL_TIM_PWM_MspInit
 .text.HAL_TIM_IC_MspInit
                0x08001de2        0x2 Drivers\STM32F1xx_HAL_Driver\Src\stm32f1xx_hal_tim.o
                0x08001de2                HAL_TIM_IC_MspInit
 .text.HAL_TIM_ConfigClockSource
                0x08001de4      0x174 Drivers\STM32F1xx_HAL_Driver\Src\stm32f1xx_hal_tim.o
                0x08001de4                HAL_TIM_ConfigClockSource
 .text.HAL_TIM_OC_DelayElapsedCallback
                0x08001f58        0x2 Drivers\STM32F1xx_HAL_Driver\Src\stm32f1xx_hal_tim.o
                0x08001f58                HAL_TIM_OC_DelayElapsedCallback
 .text.HAL_TIM_IC_CaptureCallback
                0x08001f5a        0x2 Drivers\STM32F1xx_HAL_Driver\Src\stm32f1xx_hal_tim.o
                0x08001f5a                HAL_TIM_IC_CaptureCallback
 .text.HAL_TIM_PWM_PulseFinishedCallback
                0x08001f5c        0x2 Drivers\STM32F1xx_HAL_Driver\Src\stm32f1xx_hal_tim.o
                0x08001f5c                HAL_TIM_PWM_PulseFinishedCallback
 .text.HAL_TIM_TriggerCallback
                0x08001f5e        0x2 Drivers\STM32F1xx_HAL_Driver\Src\stm32f1xx_hal_tim.o
                0x08001f5e                HAL_TIM_TriggerCallback
 .text.HAL_TIM_IRQHandler
                0x08001f60      0x144 Drivers\STM32F1xx_HAL_Driver\Src\stm32f1xx_hal_tim.o
                0x08001f60                HAL_TIM_IRQHandler
 .text.TIM_Base_SetConfig
                0x080020a4       0x78 Drivers\STM32F1xx_HAL_Driver\Src\stm32f1xx_hal_tim.o
                0x080020a4                TIM_Base_SetConfig
 .text.HAL_TIM_Base_Init
                0x0800211c       0x34 Drivers\STM32F1xx_HAL_Driver\Src\stm32f1xx_hal_tim.o
                0x0800211c                HAL_TIM_Base_Init
 .text.HAL_TIM_OC_Init
                0x08002150       0x34 Drivers\STM32F1xx_HAL_Driver\Src\stm32f1xx_hal_tim.o
                0x08002150                HAL_TIM_OC_Init
 .text.HAL_TIM_PWM_Init
                0x08002184       0x34 Drivers\STM32F1xx_HAL_Driver\Src\stm32f1xx_hal_tim.o
                0x08002184                HAL_TIM_PWM_Init
 .text.HAL_TIM_IC_Init
                0x080021b8       0x34 Drivers\STM32F1xx_HAL_Driver\Src\stm32f1xx_hal_tim.o
                0x080021b8                HAL_TIM_IC_Init
 .text.TIM_OC2_SetConfig
                0x080021ec       0x58 Drivers\STM32F1xx_HAL_Driver\Src\stm32f1xx_hal_tim.o
                0x080021ec                TIM_OC2_SetConfig
 .text.HAL_TIM_OC_ConfigChannel
                0x08002244       0x5c Drivers\STM32F1xx_HAL_Driver\Src\stm32f1xx_hal_tim.o
                0x08002244                HAL_TIM_OC_ConfigChannel
 .text.HAL_TIM_PWM_ConfigChannel
                0x080022a0       0xc6 Drivers\STM32F1xx_HAL_Driver\Src\stm32f1xx_hal_tim.o
                0x080022a0                HAL_TIM_PWM_ConfigChannel
 *fill*         0x08002366        0x2 
 .text.TIM_TI1_SetConfig
                0x08002368       0x5c Drivers\STM32F1xx_HAL_Driver\Src\stm32f1xx_hal_tim.o
                0x08002368                TIM_TI1_SetConfig
 .text.HAL_TIM_IC_ConfigChannel
                0x080023c4      0x114 Drivers\STM32F1xx_HAL_Driver\Src\stm32f1xx_hal_tim.o
                0x080023c4                HAL_TIM_IC_ConfigChannel
 .text.TIM_CCxChannelCmd
                0x080024d8       0x1a Drivers\STM32F1xx_HAL_Driver\Src\stm32f1xx_hal_tim.o
                0x080024d8                TIM_CCxChannelCmd
 *fill*         0x080024f2        0x2 
 .text.HAL_TIM_PWM_Start
                0x080024f4       0x2c Drivers\STM32F1xx_HAL_Driver\Src\stm32f1xx_hal_tim.o
                0x080024f4                HAL_TIM_PWM_Start
 .text.HAL_TIM_PWM_Stop
                0x08002520       0x5c Drivers\STM32F1xx_HAL_Driver\Src\stm32f1xx_hal_tim.o
                0x08002520                HAL_TIM_PWM_Stop
 .text.HAL_TIM_IC_Start_IT
                0x0800257c       0x58 Drivers\STM32F1xx_HAL_Driver\Src\stm32f1xx_hal_tim.o
                0x0800257c                HAL_TIM_IC_Start_IT
 .text.HAL_TIMEx_MasterConfigSynchronization
                0x080025d4       0x44 Drivers\STM32F1xx_HAL_Driver\Src\stm32f1xx_hal_tim_ex.o
                0x080025d4                HAL_TIMEx_MasterConfigSynchronization
 .text.HAL_TIMEx_CommutationCallback
                0x08002618        0x2 Drivers\STM32F1xx_HAL_Driver\Src\stm32f1xx_hal_tim_ex.o
                0x08002618                HAL_TIMEx_CommutationCallback
 .text.HAL_TIMEx_BreakCallback
                0x0800261a        0x2 Drivers\STM32F1xx_HAL_Driver\Src\stm32f1xx_hal_tim_ex.o
                0x0800261a                HAL_TIMEx_BreakCallback
 .text.HAL_CAN_RxCpltCallback
                0x0800261c       0x34 Src\main.o
                0x0800261c                HAL_CAN_RxCpltCallback
 .text.SystemClock_Config
                0x08002650       0x9c Src\main.o
                0x08002650                SystemClock_Config
 .text.init     0x080026ec       0xb0 Src\main.o
                0x080026ec                init
 .text.startup.main
                0x0800279c      0x328 Src\main.o
                0x0800279c                main
 .text.StartAnalogADC2
                0x08002ac4       0x24 Src\main.o
                0x08002ac4                StartAnalogADC2
 .text.SetControlHIGH
                0x08002ae8       0x74 Src\main.o
                0x08002ae8                SetControlHIGH
 .text.HAL_TIM_PeriodElapsedCallback
                0x08002b5c       0xb4 Src\main.o
                0x08002b5c                HAL_TIM_PeriodElapsedCallback
 .text.HAL_MspInit
                0x08002c10       0x8c Src\stm32f1xx_hal_msp.o
                0x08002c10                HAL_MspInit
 .text.HAL_ADC_MspInit
                0x08002c9c       0x64 Src\stm32f1xx_hal_msp.o
                0x08002c9c                HAL_ADC_MspInit
 .text.HAL_CAN_MspInit
                0x08002d00       0x98 Src\stm32f1xx_hal_msp.o
                0x08002d00                HAL_CAN_MspInit
 .text.HAL_TIM_Base_MspInit
                0x08002d98       0x90 Src\stm32f1xx_hal_msp.o
                0x08002d98                HAL_TIM_Base_MspInit
 .text.HAL_TIM_MspPostInit
                0x08002e28       0x3c Src\stm32f1xx_hal_msp.o
                0x08002e28                HAL_TIM_MspPostInit
 .text.NMI_Handler
                0x08002e64        0x2 Src\stm32f1xx_it.o
                0x08002e64                NMI_Handler
 .text.HardFault_Handler
                0x08002e66        0x2 Src\stm32f1xx_it.o
                0x08002e66                HardFault_Handler
 .text.MemManage_Handler
                0x08002e68        0x2 Src\stm32f1xx_it.o
                0x08002e68                MemManage_Handler
 .text.BusFault_Handler
                0x08002e6a        0x2 Src\stm32f1xx_it.o
                0x08002e6a                BusFault_Handler
 .text.UsageFault_Handler
                0x08002e6c        0x2 Src\stm32f1xx_it.o
                0x08002e6c                UsageFault_Handler
 .text.SVC_Handler
                0x08002e6e        0x2 Src\stm32f1xx_it.o
                0x08002e6e                SVC_Handler
 .text.DebugMon_Handler
                0x08002e70        0x2 Src\stm32f1xx_it.o
                0x08002e70                DebugMon_Handler
 .text.PendSV_Handler
                0x08002e72        0x2 Src\stm32f1xx_it.o
                0x08002e72                PendSV_Handler
 .text.SysTick_Handler
                0x08002e74        0xe Src\stm32f1xx_it.o
                0x08002e74                SysTick_Handler
 *fill*         0x08002e82        0x2 
 .text.CAN1_SCE_IRQHandler
                0x08002e84        0xc Src\stm32f1xx_it.o
                0x08002e84                CAN1_SCE_IRQHandler
 .text.CAN1_RX1_IRQHandler
                0x08002e90        0x4 Src\stm32f1xx_it.o
                0x08002e90                CAN1_RX1_IRQHandler
 .text.CAN1_RX0_IRQHandler
                0x08002e94        0x4 Src\stm32f1xx_it.o
                0x08002e94                CAN1_RX0_IRQHandler
 .text.CAN1_TX_IRQHandler
                0x08002e98        0x4 Src\stm32f1xx_it.o
                0x08002e98                CAN1_TX_IRQHandler
 .text.TIM4_IRQHandler
                0x08002e9c        0xc Src\stm32f1xx_it.o
                0x08002e9c                TIM4_IRQHandler
 *(.glue_7)
 .glue_7        0x08002ea8        0x0 linker stubs
 *(.glue_7t)
 .glue_7t       0x08002ea8        0x0 linker stubs
 *(.eh_frame)
 .eh_frame      0x08002ea8        0x0 c:/program files (x86)/atollic/truestudio for arm 7.0.1/armtools/bin/../lib/gcc/arm-atollic-eabi/5.3.1/armv7-m/crtbegin.o
 *(.init)
 .init          0x08002ea8        0x4 c:/program files (x86)/atollic/truestudio for arm 7.0.1/armtools/bin/../lib/gcc/arm-atollic-eabi/5.3.1/armv7-m/crti.o
                0x08002ea8                _init
 .init          0x08002eac        0x8 c:/program files (x86)/atollic/truestudio for arm 7.0.1/armtools/bin/../lib/gcc/arm-atollic-eabi/5.3.1/armv7-m/crtn.o
 *(.fini)
 .fini          0x08002eb4        0x4 c:/program files (x86)/atollic/truestudio for arm 7.0.1/armtools/bin/../lib/gcc/arm-atollic-eabi/5.3.1/armv7-m/crti.o
                0x08002eb4                _fini
 .fini          0x08002eb8        0x8 c:/program files (x86)/atollic/truestudio for arm 7.0.1/armtools/bin/../lib/gcc/arm-atollic-eabi/5.3.1/armv7-m/crtn.o
                0x08002ec0                . = ALIGN (0x4)
                0x08002ec0                _etext = .

.vfp11_veneer   0x08002ec0        0x0
 .vfp11_veneer  0x08002ec0        0x0 linker stubs

.v4_bx          0x08002ec0        0x0
 .v4_bx         0x08002ec0        0x0 linker stubs

.iplt           0x08002ec0        0x0
 .iplt          0x08002ec0        0x0 c:/program files (x86)/atollic/truestudio for arm 7.0.1/armtools/bin/../lib/gcc/arm-atollic-eabi/5.3.1/armv7-m/crtbegin.o

.rodata         0x08002ec0       0x2c
                0x08002ec0                . = ALIGN (0x4)
 *(.rodata)
 .rodata        0x08002ec0       0x1c Drivers\STM32F1xx_HAL_Driver\Src\stm32f1xx_hal_rcc.o
 *(.rodata*)
 .rodata.AHBPrescTable
                0x08002edc       0x10 Drivers\CMSIS\Device\ST\STM32F1xx\Source\Templates\system_stm32f1xx.o
                0x08002edc                AHBPrescTable
                0x08002eec                . = ALIGN (0x4)

.rel.dyn        0x08002eec        0x0
 .rel.iplt      0x08002eec        0x0 c:/program files (x86)/atollic/truestudio for arm 7.0.1/armtools/bin/../lib/gcc/arm-atollic-eabi/5.3.1/armv7-m/crtbegin.o

.ARM.extab
 *(.ARM.extab* .gnu.linkonce.armextab.*)

.ARM            0x08002eec        0x0
                0x08002eec                __exidx_start = .
 *(.ARM.exidx*)
                0x08002eec                __exidx_end = .

.preinit_array  0x08002eec        0x0
                [!provide]                PROVIDE (__preinit_array_start, .)
 *(.preinit_array*)
                [!provide]                PROVIDE (__preinit_array_end, .)

.init_array     0x08002eec        0x4
                [!provide]                PROVIDE (__init_array_start, .)
 *(SORT(.init_array.*))
 *(.init_array*)
 .init_array    0x08002eec        0x4 c:/program files (x86)/atollic/truestudio for arm 7.0.1/armtools/bin/../lib/gcc/arm-atollic-eabi/5.3.1/armv7-m/crtbegin.o
                [!provide]                PROVIDE (__init_array_end, .)

.fini_array     0x08002ef0        0x4
                [!provide]                PROVIDE (__fini_array_start, .)
 *(SORT(.fini_array.*))
 *(.fini_array*)
 .fini_array    0x08002ef0        0x4 c:/program files (x86)/atollic/truestudio for arm 7.0.1/armtools/bin/../lib/gcc/arm-atollic-eabi/5.3.1/armv7-m/crtbegin.o
                [!provide]                PROVIDE (__fini_array_end, .)
                0x08002ef4                _sidata = LOADADDR (.data)

.data           0x20000000        0xc load address 0x08002ef4
                0x20000000                . = ALIGN (0x4)
                0x20000000                _sdata = .
 *(.data)
 *(.data*)
 .data.SystemCoreClock
                0x20000000        0x4 Drivers\CMSIS\Device\ST\STM32F1xx\Source\Templates\system_stm32f1xx.o
                0x20000000                SystemCoreClock
 .data.f        0x20000004        0x4 Src\main.o
                0x20000004                f
 .data.ch       0x20000008        0x4 Src\main.o
                0x20000008                ch
                0x2000000c                . = ALIGN (0x4)
                0x2000000c                _edata = .

.igot.plt       0x2000000c        0x0 load address 0x08002f00
 .igot.plt      0x2000000c        0x0 c:/program files (x86)/atollic/truestudio for arm 7.0.1/armtools/bin/../lib/gcc/arm-atollic-eabi/5.3.1/armv7-m/crtbegin.o
                0x2000000c                . = ALIGN (0x4)

.bss            0x2000000c      0x304 load address 0x08002f00
                0x2000000c                _sbss = .
                0x2000000c                __bss_start__ = _sbss
 *(.bss)
 .bss           0x2000000c       0x1c c:/program files (x86)/atollic/truestudio for arm 7.0.1/armtools/bin/../lib/gcc/arm-atollic-eabi/5.3.1/armv7-m/crtbegin.o
 *(.bss*)
 .bss.uwTick    0x20000028        0x4 Drivers\STM32F1xx_HAL_Driver\Src\stm32f1xx_hal.o
 .bss.phase     0x2000002c        0x4 Src\main.o
                0x2000002c                phase
 .bss.count     0x20000030        0x4 Src\main.o
                0x20000030                count
 .bss.f_inv     0x20000034        0x4 Src\main.o
                0x20000034                f_inv
 *(COMMON)
 COMMON         0x20000038      0x2d8 Src\main.o
                0x20000038                sFilterConfig
                0x20000060                analog
                0x20000064                ADC
                0x20000080                htim4
                0x200000bc                hadc2
                0x200000ec                htim3
                0x20000128                adc1ch
                0x20000170                hadc1
                0x200001a0                ACC
                0x200001b4                pwm_in
                0x200001c4                htim2
                0x20000200                hcan1
                0x20000240                TXBuf
                0x20000310                . = ALIGN (0x4)
                0x20000310                _ebss = .
                0x20000310                __bss_end__ = _ebss

._user_heap_stack
                0x20000310      0x600 load address 0x08002f00
                0x20000310                . = ALIGN (0x4)
                [!provide]                PROVIDE (end, .)
                [!provide]                PROVIDE (_end, .)
                0x20000510                . = (. + _Min_Heap_Size)
 *fill*         0x20000310      0x200 
                0x20000910                . = (. + _Min_Stack_Size)
 *fill*         0x20000510      0x400 
                0x20000910                . = ALIGN (0x4)

/DISCARD/
 libc.a(*)
 libm.a(*)
 libgcc.a(*)

.ARM.attributes
                0x00000000       0x29
 *(.ARM.attributes)
 .ARM.attributes
                0x00000000       0x1d c:/program files (x86)/atollic/truestudio for arm 7.0.1/armtools/bin/../lib/gcc/arm-atollic-eabi/5.3.1/armv7-m/crti.o
 .ARM.attributes
                0x0000001d       0x2d c:/program files (x86)/atollic/truestudio for arm 7.0.1/armtools/bin/../lib/gcc/arm-atollic-eabi/5.3.1/armv7-m/crtbegin.o
 .ARM.attributes
                0x0000004a       0x21 Drivers\CMSIS\Device\ST\STM32F1xx\Source\Templates\gcc\startup_stm32f105xc.o
 .ARM.attributes
                0x0000006b       0x33 Drivers\CMSIS\Device\ST\STM32F1xx\Source\Templates\system_stm32f1xx.o
 .ARM.attributes
                0x0000009e       0x33 Drivers\STM32F1xx_HAL_Driver\Src\stm32f1xx_hal.o
 .ARM.attributes
                0x000000d1       0x33 Drivers\STM32F1xx_HAL_Driver\Src\stm32f1xx_hal_adc.o
 .ARM.attributes
                0x00000104       0x33 Drivers\STM32F1xx_HAL_Driver\Src\stm32f1xx_hal_can.o
 .ARM.attributes
                0x00000137       0x33 Drivers\STM32F1xx_HAL_Driver\Src\stm32f1xx_hal_cortex.o
 .ARM.attributes
                0x0000016a       0x33 Drivers\STM32F1xx_HAL_Driver\Src\stm32f1xx_hal_gpio.o
 .ARM.attributes
                0x0000019d       0x33 Drivers\STM32F1xx_HAL_Driver\Src\stm32f1xx_hal_rcc.o
 .ARM.attributes
                0x000001d0       0x33 Drivers\STM32F1xx_HAL_Driver\Src\stm32f1xx_hal_rcc_ex.o
 .ARM.attributes
                0x00000203       0x33 Drivers\STM32F1xx_HAL_Driver\Src\stm32f1xx_hal_tim.o
 .ARM.attributes
                0x00000236       0x33 Drivers\STM32F1xx_HAL_Driver\Src\stm32f1xx_hal_tim_ex.o
 .ARM.attributes
                0x00000269       0x33 Src\main.o
 .ARM.attributes
                0x0000029c       0x33 Src\stm32f1xx_hal_msp.o
 .ARM.attributes
                0x000002cf       0x33 Src\stm32f1xx_it.o
 .ARM.attributes
                0x00000302       0x1d c:/program files (x86)/atollic/truestudio for arm 7.0.1/armtools/bin/../lib/gcc/arm-atollic-eabi/5.3.1/armv7-m\libgcc.a(_arm_addsubsf3.o)
 .ARM.attributes
                0x0000031f       0x1d c:/program files (x86)/atollic/truestudio for arm 7.0.1/armtools/bin/../lib/gcc/arm-atollic-eabi/5.3.1/armv7-m\libgcc.a(_arm_muldivsf3.o)
 .ARM.attributes
                0x0000033c       0x1d c:/program files (x86)/atollic/truestudio for arm 7.0.1/armtools/bin/../lib/gcc/arm-atollic-eabi/5.3.1/armv7-m/crtn.o
OUTPUT(hsm.elf elf32-littlearm)

.debug_line     0x00000000     0x4c52
 .debug_line    0x00000000       0xad Drivers\CMSIS\Device\ST\STM32F1xx\Source\Templates\gcc\startup_stm32f105xc.o
 .debug_line    0x000000ad      0x1fd Drivers\CMSIS\Device\ST\STM32F1xx\Source\Templates\system_stm32f1xx.o
 .debug_line    0x000002aa      0x377 Drivers\STM32F1xx_HAL_Driver\Src\stm32f1xx_hal.o
 .debug_line    0x00000621      0x83a Drivers\STM32F1xx_HAL_Driver\Src\stm32f1xx_hal_adc.o
 .debug_line    0x00000e5b      0x641 Drivers\STM32F1xx_HAL_Driver\Src\stm32f1xx_hal_can.o
 .debug_line    0x0000149c      0x37a Drivers\STM32F1xx_HAL_Driver\Src\stm32f1xx_hal_cortex.o
 .debug_line    0x00001816      0x393 Drivers\STM32F1xx_HAL_Driver\Src\stm32f1xx_hal_gpio.o
 .debug_line    0x00001ba9      0x863 Drivers\STM32F1xx_HAL_Driver\Src\stm32f1xx_hal_rcc.o
 .debug_line    0x0000240c      0x5a4 Drivers\STM32F1xx_HAL_Driver\Src\stm32f1xx_hal_rcc_ex.o
 .debug_line    0x000029b0     0x1056 Drivers\STM32F1xx_HAL_Driver\Src\stm32f1xx_hal_tim.o
 .debug_line    0x00003a06      0x635 Drivers\STM32F1xx_HAL_Driver\Src\stm32f1xx_hal_tim_ex.o
 .debug_line    0x0000403b      0x607 Src\main.o
 .debug_line    0x00004642      0x361 Src\stm32f1xx_hal_msp.o
 .debug_line    0x000049a3      0x2af Src\stm32f1xx_it.o

.debug_info     0x00000000     0xdd7d
 .debug_info    0x00000000       0x8b Drivers\CMSIS\Device\ST\STM32F1xx\Source\Templates\gcc\startup_stm32f105xc.o
 .debug_info    0x0000008b      0x428 Drivers\CMSIS\Device\ST\STM32F1xx\Source\Templates\system_stm32f1xx.o
 .debug_info    0x000004b3      0x700 Drivers\STM32F1xx_HAL_Driver\Src\stm32f1xx_hal.o
 .debug_info    0x00000bb3      0xf99 Drivers\STM32F1xx_HAL_Driver\Src\stm32f1xx_hal_adc.o
 .debug_info    0x00001b4c      0xb20 Drivers\STM32F1xx_HAL_Driver\Src\stm32f1xx_hal_can.o
 .debug_info    0x0000266c      0xc81 Drivers\STM32F1xx_HAL_Driver\Src\stm32f1xx_hal_cortex.o
 .debug_info    0x000032ed      0x625 Drivers\STM32F1xx_HAL_Driver\Src\stm32f1xx_hal_gpio.o
 .debug_info    0x00003912     0x1515 Drivers\STM32F1xx_HAL_Driver\Src\stm32f1xx_hal_rcc.o
 .debug_info    0x00004e27      0xc51 Drivers\STM32F1xx_HAL_Driver\Src\stm32f1xx_hal_rcc_ex.o
 .debug_info    0x00005a78     0x2e1c Drivers\STM32F1xx_HAL_Driver\Src\stm32f1xx_hal_tim.o
 .debug_info    0x00008894      0xeac Drivers\STM32F1xx_HAL_Driver\Src\stm32f1xx_hal_tim_ex.o
 .debug_info    0x00009740     0x2722 Src\main.o
 .debug_info    0x0000be62     0x1477 Src\stm32f1xx_hal_msp.o
 .debug_info    0x0000d2d9      0xaa4 Src\stm32f1xx_it.o

.debug_abbrev   0x00000000     0x1fb2
 .debug_abbrev  0x00000000       0x12 Drivers\CMSIS\Device\ST\STM32F1xx\Source\Templates\gcc\startup_stm32f105xc.o
 .debug_abbrev  0x00000012      0x101 Drivers\CMSIS\Device\ST\STM32F1xx\Source\Templates\system_stm32f1xx.o
 .debug_abbrev  0x00000113      0x22e Drivers\STM32F1xx_HAL_Driver\Src\stm32f1xx_hal.o
 .debug_abbrev  0x00000341      0x2bf Drivers\STM32F1xx_HAL_Driver\Src\stm32f1xx_hal_adc.o
 .debug_abbrev  0x00000600      0x28c Drivers\STM32F1xx_HAL_Driver\Src\stm32f1xx_hal_can.o
 .debug_abbrev  0x0000088c      0x2ee Drivers\STM32F1xx_HAL_Driver\Src\stm32f1xx_hal_cortex.o
 .debug_abbrev  0x00000b7a      0x1c8 Drivers\STM32F1xx_HAL_Driver\Src\stm32f1xx_hal_gpio.o
 .debug_abbrev  0x00000d42      0x2bf Drivers\STM32F1xx_HAL_Driver\Src\stm32f1xx_hal_rcc.o
 .debug_abbrev  0x00001001      0x265 Drivers\STM32F1xx_HAL_Driver\Src\stm32f1xx_hal_rcc_ex.o
 .debug_abbrev  0x00001266      0x320 Drivers\STM32F1xx_HAL_Driver\Src\stm32f1xx_hal_tim.o
 .debug_abbrev  0x00001586      0x270 Drivers\STM32F1xx_HAL_Driver\Src\stm32f1xx_hal_tim_ex.o
 .debug_abbrev  0x000017f6      0x3c1 Src\main.o
 .debug_abbrev  0x00001bb7      0x225 Src\stm32f1xx_hal_msp.o
 .debug_abbrev  0x00001ddc      0x1d6 Src\stm32f1xx_it.o

.debug_aranges  0x00000000      0x898
 .debug_aranges
                0x00000000       0x28 Drivers\CMSIS\Device\ST\STM32F1xx\Source\Templates\gcc\startup_stm32f105xc.o
 .debug_aranges
                0x00000028       0x28 Drivers\CMSIS\Device\ST\STM32F1xx\Source\Templates\system_stm32f1xx.o
 .debug_aranges
                0x00000050       0xa8 Drivers\STM32F1xx_HAL_Driver\Src\stm32f1xx_hal.o
 .debug_aranges
                0x000000f8       0xc8 Drivers\STM32F1xx_HAL_Driver\Src\stm32f1xx_hal_adc.o
 .debug_aranges
                0x000001c0       0x88 Drivers\STM32F1xx_HAL_Driver\Src\stm32f1xx_hal_can.o
 .debug_aranges
                0x00000248       0x90 Drivers\STM32F1xx_HAL_Driver\Src\stm32f1xx_hal_cortex.o
 .debug_aranges
                0x000002d8       0x58 Drivers\STM32F1xx_HAL_Driver\Src\stm32f1xx_hal_gpio.o
 .debug_aranges
                0x00000330       0x88 Drivers\STM32F1xx_HAL_Driver\Src\stm32f1xx_hal_rcc.o
 .debug_aranges
                0x000003b8       0x50 Drivers\STM32F1xx_HAL_Driver\Src\stm32f1xx_hal_rcc_ex.o
 .debug_aranges
                0x00000408      0x250 Drivers\STM32F1xx_HAL_Driver\Src\stm32f1xx_hal_tim.o
 .debug_aranges
                0x00000658       0xe8 Drivers\STM32F1xx_HAL_Driver\Src\stm32f1xx_hal_tim_ex.o
 .debug_aranges
                0x00000740       0xa8 Src\main.o
 .debug_aranges
                0x000007e8       0x58 Src\stm32f1xx_hal_msp.o
 .debug_aranges
                0x00000840       0x58 Src\stm32f1xx_it.o

.debug_ranges   0x00000000      0xc70
 .debug_ranges  0x00000000       0x20 Drivers\CMSIS\Device\ST\STM32F1xx\Source\Templates\gcc\startup_stm32f105xc.o
 .debug_ranges  0x00000020       0x18 Drivers\CMSIS\Device\ST\STM32F1xx\Source\Templates\system_stm32f1xx.o
 .debug_ranges  0x00000038       0x98 Drivers\STM32F1xx_HAL_Driver\Src\stm32f1xx_hal.o
 .debug_ranges  0x000000d0       0xb8 Drivers\STM32F1xx_HAL_Driver\Src\stm32f1xx_hal_adc.o
 .debug_ranges  0x00000188       0x78 Drivers\STM32F1xx_HAL_Driver\Src\stm32f1xx_hal_can.o
 .debug_ranges  0x00000200      0x130 Drivers\STM32F1xx_HAL_Driver\Src\stm32f1xx_hal_cortex.o
 .debug_ranges  0x00000330       0x68 Drivers\STM32F1xx_HAL_Driver\Src\stm32f1xx_hal_gpio.o
 .debug_ranges  0x00000398      0x178 Drivers\STM32F1xx_HAL_Driver\Src\stm32f1xx_hal_rcc.o
 .debug_ranges  0x00000510       0xb8 Drivers\STM32F1xx_HAL_Driver\Src\stm32f1xx_hal_rcc_ex.o
 .debug_ranges  0x000005c8      0x360 Drivers\STM32F1xx_HAL_Driver\Src\stm32f1xx_hal_tim.o
 .debug_ranges  0x00000928       0xd8 Drivers\STM32F1xx_HAL_Driver\Src\stm32f1xx_hal_tim_ex.o
 .debug_ranges  0x00000a00      0x158 Src\main.o
 .debug_ranges  0x00000b58       0xd0 Src\stm32f1xx_hal_msp.o
 .debug_ranges  0x00000c28       0x48 Src\stm32f1xx_it.o

.debug_loc      0x00000000     0x69f7
 .debug_loc     0x00000000      0x157 Drivers\CMSIS\Device\ST\STM32F1xx\Source\Templates\system_stm32f1xx.o
 .debug_loc     0x00000157       0x73 Drivers\STM32F1xx_HAL_Driver\Src\stm32f1xx_hal.o
 .debug_loc     0x000001ca      0xa48 Drivers\STM32F1xx_HAL_Driver\Src\stm32f1xx_hal_adc.o
 .debug_loc     0x00000c12      0x4e3 Drivers\STM32F1xx_HAL_Driver\Src\stm32f1xx_hal_can.o
 .debug_loc     0x000010f5      0x48f Drivers\STM32F1xx_HAL_Driver\Src\stm32f1xx_hal_cortex.o
 .debug_loc     0x00001584      0x2e8 Drivers\STM32F1xx_HAL_Driver\Src\stm32f1xx_hal_gpio.o
 .debug_loc     0x0000186c      0xa68 Drivers\STM32F1xx_HAL_Driver\Src\stm32f1xx_hal_rcc.o
 .debug_loc     0x000022d4      0x96d Drivers\STM32F1xx_HAL_Driver\Src\stm32f1xx_hal_rcc_ex.o
 .debug_loc     0x00002c41     0x30f1 Drivers\STM32F1xx_HAL_Driver\Src\stm32f1xx_hal_tim.o
 .debug_loc     0x00005d32      0x7b7 Drivers\STM32F1xx_HAL_Driver\Src\stm32f1xx_hal_tim_ex.o
 .debug_loc     0x000064e9      0x3d4 Src\main.o
 .debug_loc     0x000068bd      0x13a Src\stm32f1xx_hal_msp.o

.debug_str      0x00000000     0x30fb
 .debug_str     0x00000000      0x2c5 Drivers\CMSIS\Device\ST\STM32F1xx\Source\Templates\system_stm32f1xx.o
                                0x317 (size before relaxing)
 .debug_str     0x000002c5      0x646 Drivers\STM32F1xx_HAL_Driver\Src\stm32f1xx_hal.o
                                0x823 (size before relaxing)
 .debug_str     0x0000090b      0x5e5 Drivers\STM32F1xx_HAL_Driver\Src\stm32f1xx_hal_adc.o
                                0x838 (size before relaxing)
 .debug_str     0x00000ef0      0x424 Drivers\STM32F1xx_HAL_Driver\Src\stm32f1xx_hal_can.o
                                0x6b4 (size before relaxing)
 .debug_str     0x00001314      0x25b Drivers\STM32F1xx_HAL_Driver\Src\stm32f1xx_hal_cortex.o
                                0x97f (size before relaxing)
 .debug_str     0x0000156f      0x1d6 Drivers\STM32F1xx_HAL_Driver\Src\stm32f1xx_hal_gpio.o
                                0x414 (size before relaxing)
 .debug_str     0x00001745      0x32d Drivers\STM32F1xx_HAL_Driver\Src\stm32f1xx_hal_rcc.o
                                0x671 (size before relaxing)
 .debug_str     0x00001a72      0x1d6 Drivers\STM32F1xx_HAL_Driver\Src\stm32f1xx_hal_rcc_ex.o
                                0x507 (size before relaxing)
 .debug_str     0x00001c48      0xc6b Drivers\STM32F1xx_HAL_Driver\Src\stm32f1xx_hal_tim.o
                               0x1089 (size before relaxing)
 .debug_str     0x000028b3      0x416 Drivers\STM32F1xx_HAL_Driver\Src\stm32f1xx_hal_tim_ex.o
                                0xaba (size before relaxing)
 .debug_str     0x00002cc9      0x300 Src\main.o
                               0x16e1 (size before relaxing)
 .debug_str     0x00002fc9       0x91 Src\stm32f1xx_hal_msp.o
                                0xe0b (size before relaxing)
 .debug_str     0x0000305a       0xa1 Src\stm32f1xx_it.o
                                0x854 (size before relaxing)

.comment        0x00000000       0x7e
 .comment       0x00000000       0x7e Drivers\CMSIS\Device\ST\STM32F1xx\Source\Templates\system_stm32f1xx.o
                                 0x7f (size before relaxing)
 .comment       0x0000007e       0x7f Drivers\STM32F1xx_HAL_Driver\Src\stm32f1xx_hal.o
 .comment       0x0000007e       0x7f Drivers\STM32F1xx_HAL_Driver\Src\stm32f1xx_hal_adc.o
 .comment       0x0000007e       0x7f Drivers\STM32F1xx_HAL_Driver\Src\stm32f1xx_hal_can.o
 .comment       0x0000007e       0x7f Drivers\STM32F1xx_HAL_Driver\Src\stm32f1xx_hal_cortex.o
 .comment       0x0000007e       0x7f Drivers\STM32F1xx_HAL_Driver\Src\stm32f1xx_hal_gpio.o
 .comment       0x0000007e       0x7f Drivers\STM32F1xx_HAL_Driver\Src\stm32f1xx_hal_rcc.o
 .comment       0x0000007e       0x7f Drivers\STM32F1xx_HAL_Driver\Src\stm32f1xx_hal_rcc_ex.o
 .comment       0x0000007e       0x7f Drivers\STM32F1xx_HAL_Driver\Src\stm32f1xx_hal_tim.o
 .comment       0x0000007e       0x7f Drivers\STM32F1xx_HAL_Driver\Src\stm32f1xx_hal_tim_ex.o
 .comment       0x0000007e       0x7f Src\main.o
 .comment       0x0000007e       0x7f Src\stm32f1xx_hal_msp.o
 .comment       0x0000007e       0x7f Src\stm32f1xx_it.o

.debug_frame    0x00000000     0x197c
 .debug_frame   0x00000000       0x3c Drivers\CMSIS\Device\ST\STM32F1xx\Source\Templates\system_stm32f1xx.o
 .debug_frame   0x0000003c      0x164 Drivers\STM32F1xx_HAL_Driver\Src\stm32f1xx_hal.o
 .debug_frame   0x000001a0      0x294 Drivers\STM32F1xx_HAL_Driver\Src\stm32f1xx_hal_adc.o
 .debug_frame   0x00000434      0x1b8 Drivers\STM32F1xx_HAL_Driver\Src\stm32f1xx_hal_can.o
 .debug_frame   0x000005ec      0x120 Drivers\STM32F1xx_HAL_Driver\Src\stm32f1xx_hal_cortex.o
 .debug_frame   0x0000070c       0xd4 Drivers\STM32F1xx_HAL_Driver\Src\stm32f1xx_hal_gpio.o
 .debug_frame   0x000007e0      0x14c Drivers\STM32F1xx_HAL_Driver\Src\stm32f1xx_hal_rcc.o
 .debug_frame   0x0000092c       0xf4 Drivers\STM32F1xx_HAL_Driver\Src\stm32f1xx_hal_rcc_ex.o
 .debug_frame   0x00000a20      0x854 Drivers\STM32F1xx_HAL_Driver\Src\stm32f1xx_hal_tim.o
 .debug_frame   0x00001274      0x324 Drivers\STM32F1xx_HAL_Driver\Src\stm32f1xx_hal_tim_ex.o
 .debug_frame   0x00001598      0x214 Src\main.o
 .debug_frame   0x000017ac       0xd4 Src\stm32f1xx_hal_msp.o
 .debug_frame   0x00001880       0xfc Src\stm32f1xx_it.o

Cross Reference Table

Symbol                                            File
ACC                                               Src\main.o
ADC                                               Src\main.o
ADC1_2_IRQHandler                                 Drivers\CMSIS\Device\ST\STM32F1xx\Source\Templates\gcc\startup_stm32f105xc.o
ADC_ConversionStop_Disable                        Drivers\STM32F1xx_HAL_Driver\Src\stm32f1xx_hal_adc.o
                                                  Drivers\STM32F1xx_HAL_Driver\Src\stm32f1xx_hal_adc_ex.o
ADC_DMAConvCplt                                   Drivers\STM32F1xx_HAL_Driver\Src\stm32f1xx_hal_adc.o
                                                  Drivers\STM32F1xx_HAL_Driver\Src\stm32f1xx_hal_adc_ex.o
ADC_DMAError                                      Drivers\STM32F1xx_HAL_Driver\Src\stm32f1xx_hal_adc.o
                                                  Drivers\STM32F1xx_HAL_Driver\Src\stm32f1xx_hal_adc_ex.o
ADC_DMAHalfConvCplt                               Drivers\STM32F1xx_HAL_Driver\Src\stm32f1xx_hal_adc.o
                                                  Drivers\STM32F1xx_HAL_Driver\Src\stm32f1xx_hal_adc_ex.o
ADC_Enable                                        Drivers\STM32F1xx_HAL_Driver\Src\stm32f1xx_hal_adc.o
                                                  Drivers\STM32F1xx_HAL_Driver\Src\stm32f1xx_hal_adc_ex.o
AHBPrescTable                                     Drivers\CMSIS\Device\ST\STM32F1xx\Source\Templates\system_stm32f1xx.o
                                                  Drivers\STM32F1xx_HAL_Driver\Src\stm32f1xx_hal_rcc.o
APBPrescTable                                     Drivers\CMSIS\Device\ST\STM32F1xx\Source\Templates\system_stm32f1xx.o
                                                  Drivers\STM32F1xx_HAL_Driver\Src\stm32f1xx_hal_rcc.o
BusFault_Handler                                  Src\stm32f1xx_it.o
                                                  Drivers\CMSIS\Device\ST\STM32F1xx\Source\Templates\gcc\startup_stm32f105xc.o
CAN1_RX0_IRQHandler                               Src\stm32f1xx_it.o
                                                  Drivers\CMSIS\Device\ST\STM32F1xx\Source\Templates\gcc\startup_stm32f105xc.o
CAN1_RX1_IRQHandler                               Src\stm32f1xx_it.o
                                                  Drivers\CMSIS\Device\ST\STM32F1xx\Source\Templates\gcc\startup_stm32f105xc.o
CAN1_SCE_IRQHandler                               Src\stm32f1xx_it.o
                                                  Drivers\CMSIS\Device\ST\STM32F1xx\Source\Templates\gcc\startup_stm32f105xc.o
CAN1_TX_IRQHandler                                Src\stm32f1xx_it.o
                                                  Drivers\CMSIS\Device\ST\STM32F1xx\Source\Templates\gcc\startup_stm32f105xc.o
CAN2_RX0_IRQHandler                               Drivers\CMSIS\Device\ST\STM32F1xx\Source\Templates\gcc\startup_stm32f105xc.o
CAN2_RX1_IRQHandler                               Drivers\CMSIS\Device\ST\STM32F1xx\Source\Templates\gcc\startup_stm32f105xc.o
CAN2_SCE_IRQHandler                               Drivers\CMSIS\Device\ST\STM32F1xx\Source\Templates\gcc\startup_stm32f105xc.o
CAN2_TX_IRQHandler                                Drivers\CMSIS\Device\ST\STM32F1xx\Source\Templates\gcc\startup_stm32f105xc.o
DMA1_Channel1_IRQHandler                          Drivers\CMSIS\Device\ST\STM32F1xx\Source\Templates\gcc\startup_stm32f105xc.o
DMA1_Channel2_IRQHandler                          Drivers\CMSIS\Device\ST\STM32F1xx\Source\Templates\gcc\startup_stm32f105xc.o
DMA1_Channel3_IRQHandler                          Drivers\CMSIS\Device\ST\STM32F1xx\Source\Templates\gcc\startup_stm32f105xc.o
DMA1_Channel4_IRQHandler                          Drivers\CMSIS\Device\ST\STM32F1xx\Source\Templates\gcc\startup_stm32f105xc.o
DMA1_Channel5_IRQHandler                          Drivers\CMSIS\Device\ST\STM32F1xx\Source\Templates\gcc\startup_stm32f105xc.o
DMA1_Channel6_IRQHandler                          Drivers\CMSIS\Device\ST\STM32F1xx\Source\Templates\gcc\startup_stm32f105xc.o
DMA1_Channel7_IRQHandler                          Drivers\CMSIS\Device\ST\STM32F1xx\Source\Templates\gcc\startup_stm32f105xc.o
DMA2_Channel1_IRQHandler                          Drivers\CMSIS\Device\ST\STM32F1xx\Source\Templates\gcc\startup_stm32f105xc.o
DMA2_Channel2_IRQHandler                          Drivers\CMSIS\Device\ST\STM32F1xx\Source\Templates\gcc\startup_stm32f105xc.o
DMA2_Channel3_IRQHandler                          Drivers\CMSIS\Device\ST\STM32F1xx\Source\Templates\gcc\startup_stm32f105xc.o
DMA2_Channel4_IRQHandler                          Drivers\CMSIS\Device\ST\STM32F1xx\Source\Templates\gcc\startup_stm32f105xc.o
DMA2_Channel5_IRQHandler                          Drivers\CMSIS\Device\ST\STM32F1xx\Source\Templates\gcc\startup_stm32f105xc.o
DebugMon_Handler                                  Src\stm32f1xx_it.o
                                                  Drivers\CMSIS\Device\ST\STM32F1xx\Source\Templates\gcc\startup_stm32f105xc.o
Default_Handler                                   Drivers\CMSIS\Device\ST\STM32F1xx\Source\Templates\gcc\startup_stm32f105xc.o
EXTI0_IRQHandler                                  Drivers\CMSIS\Device\ST\STM32F1xx\Source\Templates\gcc\startup_stm32f105xc.o
EXTI15_10_IRQHandler                              Drivers\CMSIS\Device\ST\STM32F1xx\Source\Templates\gcc\startup_stm32f105xc.o
EXTI1_IRQHandler                                  Drivers\CMSIS\Device\ST\STM32F1xx\Source\Templates\gcc\startup_stm32f105xc.o
EXTI2_IRQHandler                                  Drivers\CMSIS\Device\ST\STM32F1xx\Source\Templates\gcc\startup_stm32f105xc.o
EXTI3_IRQHandler                                  Drivers\CMSIS\Device\ST\STM32F1xx\Source\Templates\gcc\startup_stm32f105xc.o
EXTI4_IRQHandler                                  Drivers\CMSIS\Device\ST\STM32F1xx\Source\Templates\gcc\startup_stm32f105xc.o
EXTI9_5_IRQHandler                                Drivers\CMSIS\Device\ST\STM32F1xx\Source\Templates\gcc\startup_stm32f105xc.o
Error_Handler                                     Src\main.o
FLASH_IRQHandler                                  Drivers\CMSIS\Device\ST\STM32F1xx\Source\Templates\gcc\startup_stm32f105xc.o
FLASH_PageErase                                   Drivers\STM32F1xx_HAL_Driver\Src\stm32f1xx_hal_flash_ex.o
                                                  Drivers\STM32F1xx_HAL_Driver\Src\stm32f1xx_hal_flash.o
FLASH_WaitForLastOperation                        Drivers\STM32F1xx_HAL_Driver\Src\stm32f1xx_hal_flash.o
                                                  Drivers\STM32F1xx_HAL_Driver\Src\stm32f1xx_hal_flash_ex.o
GetAnalogADC1                                     Src\main.o
GetAnalogADC2                                     Src\main.o
HAL_ADCEx_Calibration_Start                       Drivers\STM32F1xx_HAL_Driver\Src\stm32f1xx_hal_adc_ex.o
HAL_ADCEx_InjectedConfigChannel                   Drivers\STM32F1xx_HAL_Driver\Src\stm32f1xx_hal_adc_ex.o
HAL_ADCEx_InjectedConvCpltCallback                Drivers\STM32F1xx_HAL_Driver\Src\stm32f1xx_hal_adc_ex.o
                                                  Drivers\STM32F1xx_HAL_Driver\Src\stm32f1xx_hal_adc.o
HAL_ADCEx_InjectedGetValue                        Drivers\STM32F1xx_HAL_Driver\Src\stm32f1xx_hal_adc_ex.o
HAL_ADCEx_InjectedPollForConversion               Drivers\STM32F1xx_HAL_Driver\Src\stm32f1xx_hal_adc_ex.o
HAL_ADCEx_InjectedStart                           Drivers\STM32F1xx_HAL_Driver\Src\stm32f1xx_hal_adc_ex.o
HAL_ADCEx_InjectedStart_IT                        Drivers\STM32F1xx_HAL_Driver\Src\stm32f1xx_hal_adc_ex.o
HAL_ADCEx_InjectedStop                            Drivers\STM32F1xx_HAL_Driver\Src\stm32f1xx_hal_adc_ex.o
HAL_ADCEx_InjectedStop_IT                         Drivers\STM32F1xx_HAL_Driver\Src\stm32f1xx_hal_adc_ex.o
HAL_ADCEx_MultiModeConfigChannel                  Drivers\STM32F1xx_HAL_Driver\Src\stm32f1xx_hal_adc_ex.o
HAL_ADCEx_MultiModeGetValue                       Drivers\STM32F1xx_HAL_Driver\Src\stm32f1xx_hal_adc_ex.o
HAL_ADCEx_MultiModeStart_DMA                      Drivers\STM32F1xx_HAL_Driver\Src\stm32f1xx_hal_adc_ex.o
HAL_ADCEx_MultiModeStop_DMA                       Drivers\STM32F1xx_HAL_Driver\Src\stm32f1xx_hal_adc_ex.o
HAL_ADC_AnalogWDGConfig                           Drivers\STM32F1xx_HAL_Driver\Src\stm32f1xx_hal_adc.o
HAL_ADC_ConfigChannel                             Drivers\STM32F1xx_HAL_Driver\Src\stm32f1xx_hal_adc.o
                                                  Src\main.o
HAL_ADC_ConvCpltCallback                          Drivers\STM32F1xx_HAL_Driver\Src\stm32f1xx_hal_adc.o
HAL_ADC_ConvHalfCpltCallback                      Drivers\STM32F1xx_HAL_Driver\Src\stm32f1xx_hal_adc.o
HAL_ADC_DeInit                                    Drivers\STM32F1xx_HAL_Driver\Src\stm32f1xx_hal_adc.o
HAL_ADC_ErrorCallback                             Drivers\STM32F1xx_HAL_Driver\Src\stm32f1xx_hal_adc.o
HAL_ADC_GetError                                  Drivers\STM32F1xx_HAL_Driver\Src\stm32f1xx_hal_adc.o
HAL_ADC_GetState                                  Drivers\STM32F1xx_HAL_Driver\Src\stm32f1xx_hal_adc.o
HAL_ADC_GetValue                                  Drivers\STM32F1xx_HAL_Driver\Src\stm32f1xx_hal_adc.o
                                                  Src\main.o
HAL_ADC_IRQHandler                                Drivers\STM32F1xx_HAL_Driver\Src\stm32f1xx_hal_adc.o
HAL_ADC_Init                                      Drivers\STM32F1xx_HAL_Driver\Src\stm32f1xx_hal_adc.o
                                                  Src\main.o
HAL_ADC_LevelOutOfWindowCallback                  Drivers\STM32F1xx_HAL_Driver\Src\stm32f1xx_hal_adc.o
HAL_ADC_MspDeInit                                 Src\stm32f1xx_hal_msp.o
                                                  Drivers\STM32F1xx_HAL_Driver\Src\stm32f1xx_hal_adc.o
HAL_ADC_MspInit                                   Src\stm32f1xx_hal_msp.o
                                                  Drivers\STM32F1xx_HAL_Driver\Src\stm32f1xx_hal_adc.o
                                                  Src\main.o
HAL_ADC_PollForConversion                         Drivers\STM32F1xx_HAL_Driver\Src\stm32f1xx_hal_adc.o
HAL_ADC_PollForEvent                              Drivers\STM32F1xx_HAL_Driver\Src\stm32f1xx_hal_adc.o
HAL_ADC_Start                                     Drivers\STM32F1xx_HAL_Driver\Src\stm32f1xx_hal_adc.o
                                                  Src\main.o
HAL_ADC_Start_DMA                                 Drivers\STM32F1xx_HAL_Driver\Src\stm32f1xx_hal_adc.o
HAL_ADC_Start_IT                                  Drivers\STM32F1xx_HAL_Driver\Src\stm32f1xx_hal_adc.o
HAL_ADC_Stop                                      Drivers\STM32F1xx_HAL_Driver\Src\stm32f1xx_hal_adc.o
HAL_ADC_Stop_DMA                                  Drivers\STM32F1xx_HAL_Driver\Src\stm32f1xx_hal_adc.o
HAL_ADC_Stop_IT                                   Drivers\STM32F1xx_HAL_Driver\Src\stm32f1xx_hal_adc.o
HAL_CAN_ConfigFilter                              Drivers\STM32F1xx_HAL_Driver\Src\stm32f1xx_hal_can.o
HAL_CAN_DeInit                                    Drivers\STM32F1xx_HAL_Driver\Src\stm32f1xx_hal_can.o
HAL_CAN_ErrorCallback                             Drivers\STM32F1xx_HAL_Driver\Src\stm32f1xx_hal_can.o
HAL_CAN_GetError                                  Drivers\STM32F1xx_HAL_Driver\Src\stm32f1xx_hal_can.o
HAL_CAN_GetState                                  Drivers\STM32F1xx_HAL_Driver\Src\stm32f1xx_hal_can.o
HAL_CAN_IRQHandler                                Drivers\STM32F1xx_HAL_Driver\Src\stm32f1xx_hal_can.o
                                                  Src\stm32f1xx_it.o
HAL_CAN_Init                                      Drivers\STM32F1xx_HAL_Driver\Src\stm32f1xx_hal_can.o
                                                  Src\main.o
HAL_CAN_MspDeInit                                 Src\stm32f1xx_hal_msp.o
                                                  Drivers\STM32F1xx_HAL_Driver\Src\stm32f1xx_hal_can.o
HAL_CAN_MspInit                                   Src\stm32f1xx_hal_msp.o
                                                  Drivers\STM32F1xx_HAL_Driver\Src\stm32f1xx_hal_can.o
HAL_CAN_Receive                                   Drivers\STM32F1xx_HAL_Driver\Src\stm32f1xx_hal_can.o
HAL_CAN_Receive_IT                                Drivers\STM32F1xx_HAL_Driver\Src\stm32f1xx_hal_can.o
                                                  Src\main.o
HAL_CAN_RxCpltCallback                            Src\main.o
                                                  Drivers\STM32F1xx_HAL_Driver\Src\stm32f1xx_hal_can.o
HAL_CAN_Sleep                                     Drivers\STM32F1xx_HAL_Driver\Src\stm32f1xx_hal_can.o
HAL_CAN_Transmit                                  Drivers\STM32F1xx_HAL_Driver\Src\stm32f1xx_hal_can.o
HAL_CAN_Transmit_IT                               Drivers\STM32F1xx_HAL_Driver\Src\stm32f1xx_hal_can.o
HAL_CAN_TxCpltCallback                            Drivers\STM32F1xx_HAL_Driver\Src\stm32f1xx_hal_can.o
HAL_CAN_WakeUp                                    Drivers\STM32F1xx_HAL_Driver\Src\stm32f1xx_hal_can.o
HAL_DBGMCU_DisableDBGSleepMode                    Drivers\STM32F1xx_HAL_Driver\Src\stm32f1xx_hal.o
HAL_DBGMCU_DisableDBGStandbyMode                  Drivers\STM32F1xx_HAL_Driver\Src\stm32f1xx_hal.o
HAL_DBGMCU_DisableDBGStopMode                     Drivers\STM32F1xx_HAL_Driver\Src\stm32f1xx_hal.o
HAL_DBGMCU_EnableDBGSleepMode                     Drivers\STM32F1xx_HAL_Driver\Src\stm32f1xx_hal.o
HAL_DBGMCU_EnableDBGStandbyMode                   Drivers\STM32F1xx_HAL_Driver\Src\stm32f1xx_hal.o
HAL_DBGMCU_EnableDBGStopMode                      Drivers\STM32F1xx_HAL_Driver\Src\stm32f1xx_hal.o
HAL_DMA_Abort                                     Drivers\STM32F1xx_HAL_Driver\Src\stm32f1xx_hal_dma.o
                                                  Drivers\STM32F1xx_HAL_Driver\Src\stm32f1xx_hal_tim.o
                                                  Drivers\STM32F1xx_HAL_Driver\Src\stm32f1xx_hal_adc_ex.o
                                                  Drivers\STM32F1xx_HAL_Driver\Src\stm32f1xx_hal_adc.o
HAL_DMA_DeInit                                    Drivers\STM32F1xx_HAL_Driver\Src\stm32f1xx_hal_dma.o
HAL_DMA_GetError                                  Drivers\STM32F1xx_HAL_Driver\Src\stm32f1xx_hal_dma.o
HAL_DMA_GetState                                  Drivers\STM32F1xx_HAL_Driver\Src\stm32f1xx_hal_dma.o
HAL_DMA_IRQHandler                                Drivers\STM32F1xx_HAL_Driver\Src\stm32f1xx_hal_dma.o
HAL_DMA_Init                                      Drivers\STM32F1xx_HAL_Driver\Src\stm32f1xx_hal_dma.o
HAL_DMA_PollForTransfer                           Drivers\STM32F1xx_HAL_Driver\Src\stm32f1xx_hal_dma.o
HAL_DMA_Start                                     Drivers\STM32F1xx_HAL_Driver\Src\stm32f1xx_hal_dma.o
HAL_DMA_Start_IT                                  Drivers\STM32F1xx_HAL_Driver\Src\stm32f1xx_hal_dma.o
                                                  Drivers\STM32F1xx_HAL_Driver\Src\stm32f1xx_hal_tim_ex.o
                                                  Drivers\STM32F1xx_HAL_Driver\Src\stm32f1xx_hal_tim.o
                                                  Drivers\STM32F1xx_HAL_Driver\Src\stm32f1xx_hal_adc_ex.o
                                                  Drivers\STM32F1xx_HAL_Driver\Src\stm32f1xx_hal_adc.o
HAL_DeInit                                        Drivers\STM32F1xx_HAL_Driver\Src\stm32f1xx_hal.o
HAL_Delay                                         Drivers\STM32F1xx_HAL_Driver\Src\stm32f1xx_hal.o
                                                  Src\main.o
                                                  Drivers\STM32F1xx_HAL_Driver\Src\stm32f1xx_hal_rcc.o
HAL_FLASHEx_Erase                                 Drivers\STM32F1xx_HAL_Driver\Src\stm32f1xx_hal_flash_ex.o
HAL_FLASHEx_Erase_IT                              Drivers\STM32F1xx_HAL_Driver\Src\stm32f1xx_hal_flash_ex.o
HAL_FLASHEx_OBErase                               Drivers\STM32F1xx_HAL_Driver\Src\stm32f1xx_hal_flash_ex.o
HAL_FLASHEx_OBGetConfig                           Drivers\STM32F1xx_HAL_Driver\Src\stm32f1xx_hal_flash_ex.o
HAL_FLASHEx_OBGetUserData                         Drivers\STM32F1xx_HAL_Driver\Src\stm32f1xx_hal_flash_ex.o
HAL_FLASHEx_OBProgram                             Drivers\STM32F1xx_HAL_Driver\Src\stm32f1xx_hal_flash_ex.o
HAL_FLASH_EndOfOperationCallback                  Drivers\STM32F1xx_HAL_Driver\Src\stm32f1xx_hal_flash.o
HAL_FLASH_GetError                                Drivers\STM32F1xx_HAL_Driver\Src\stm32f1xx_hal_flash.o
HAL_FLASH_IRQHandler                              Drivers\STM32F1xx_HAL_Driver\Src\stm32f1xx_hal_flash.o
HAL_FLASH_Lock                                    Drivers\STM32F1xx_HAL_Driver\Src\stm32f1xx_hal_flash.o
HAL_FLASH_OB_Launch                               Drivers\STM32F1xx_HAL_Driver\Src\stm32f1xx_hal_flash.o
HAL_FLASH_OB_Lock                                 Drivers\STM32F1xx_HAL_Driver\Src\stm32f1xx_hal_flash.o
HAL_FLASH_OB_Unlock                               Drivers\STM32F1xx_HAL_Driver\Src\stm32f1xx_hal_flash.o
HAL_FLASH_OperationErrorCallback                  Drivers\STM32F1xx_HAL_Driver\Src\stm32f1xx_hal_flash.o
HAL_FLASH_Program                                 Drivers\STM32F1xx_HAL_Driver\Src\stm32f1xx_hal_flash.o
HAL_FLASH_Program_IT                              Drivers\STM32F1xx_HAL_Driver\Src\stm32f1xx_hal_flash.o
HAL_FLASH_Unlock                                  Drivers\STM32F1xx_HAL_Driver\Src\stm32f1xx_hal_flash.o
HAL_GPIOEx_ConfigEventout                         Drivers\STM32F1xx_HAL_Driver\Src\stm32f1xx_hal_gpio_ex.o
HAL_GPIOEx_DisableEventout                        Drivers\STM32F1xx_HAL_Driver\Src\stm32f1xx_hal_gpio_ex.o
HAL_GPIOEx_EnableEventout                         Drivers\STM32F1xx_HAL_Driver\Src\stm32f1xx_hal_gpio_ex.o
HAL_GPIO_DeInit                                   Drivers\STM32F1xx_HAL_Driver\Src\stm32f1xx_hal_gpio.o
                                                  Src\stm32f1xx_hal_msp.o
HAL_GPIO_EXTI_Callback                            Drivers\STM32F1xx_HAL_Driver\Src\stm32f1xx_hal_gpio.o
HAL_GPIO_EXTI_IRQHandler                          Drivers\STM32F1xx_HAL_Driver\Src\stm32f1xx_hal_gpio.o
HAL_GPIO_Init                                     Drivers\STM32F1xx_HAL_Driver\Src\stm32f1xx_hal_gpio.o
                                                  Src\stm32f1xx_hal_msp.o
                                                  Src\main.o
                                                  Drivers\STM32F1xx_HAL_Driver\Src\stm32f1xx_hal_rcc.o
HAL_GPIO_LockPin                                  Drivers\STM32F1xx_HAL_Driver\Src\stm32f1xx_hal_gpio.o
HAL_GPIO_ReadPin                                  Drivers\STM32F1xx_HAL_Driver\Src\stm32f1xx_hal_gpio.o
HAL_GPIO_TogglePin                                Drivers\STM32F1xx_HAL_Driver\Src\stm32f1xx_hal_gpio.o
                                                  Src\main.o
HAL_GPIO_WritePin                                 Drivers\STM32F1xx_HAL_Driver\Src\stm32f1xx_hal_gpio.o
                                                  Src\main.o
HAL_GetDEVID                                      Drivers\STM32F1xx_HAL_Driver\Src\stm32f1xx_hal.o
HAL_GetHalVersion                                 Drivers\STM32F1xx_HAL_Driver\Src\stm32f1xx_hal.o
HAL_GetREVID                                      Drivers\STM32F1xx_HAL_Driver\Src\stm32f1xx_hal.o
HAL_GetTick                                       Drivers\STM32F1xx_HAL_Driver\Src\stm32f1xx_hal.o
                                                  Drivers\STM32F1xx_HAL_Driver\Src\stm32f1xx_hal_rcc_ex.o
                                                  Drivers\STM32F1xx_HAL_Driver\Src\stm32f1xx_hal_rcc.o
                                                  Drivers\STM32F1xx_HAL_Driver\Src\stm32f1xx_hal_flash.o
                                                  Drivers\STM32F1xx_HAL_Driver\Src\stm32f1xx_hal_dma.o
                                                  Drivers\STM32F1xx_HAL_Driver\Src\stm32f1xx_hal_can.o
                                                  Drivers\STM32F1xx_HAL_Driver\Src\stm32f1xx_hal_adc_ex.o
                                                  Drivers\STM32F1xx_HAL_Driver\Src\stm32f1xx_hal_adc.o
HAL_IncTick                                       Drivers\STM32F1xx_HAL_Driver\Src\stm32f1xx_hal.o
                                                  Src\stm32f1xx_it.o
HAL_Init                                          Drivers\STM32F1xx_HAL_Driver\Src\stm32f1xx_hal.o
                                                  Src\main.o
HAL_InitTick                                      Drivers\STM32F1xx_HAL_Driver\Src\stm32f1xx_hal.o
                                                  Drivers\STM32F1xx_HAL_Driver\Src\stm32f1xx_hal_rcc.o
HAL_MspDeInit                                     Drivers\STM32F1xx_HAL_Driver\Src\stm32f1xx_hal.o
HAL_MspInit                                       Src\stm32f1xx_hal_msp.o
                                                  Drivers\STM32F1xx_HAL_Driver\Src\stm32f1xx_hal.o
HAL_NVIC_ClearPendingIRQ                          Drivers\STM32F1xx_HAL_Driver\Src\stm32f1xx_hal_cortex.o
HAL_NVIC_DisableIRQ                               Drivers\STM32F1xx_HAL_Driver\Src\stm32f1xx_hal_cortex.o
                                                  Src\stm32f1xx_hal_msp.o
HAL_NVIC_EnableIRQ                                Drivers\STM32F1xx_HAL_Driver\Src\stm32f1xx_hal_cortex.o
                                                  Src\stm32f1xx_hal_msp.o
                                                  Src\main.o
HAL_NVIC_GetActive                                Drivers\STM32F1xx_HAL_Driver\Src\stm32f1xx_hal_cortex.o
HAL_NVIC_GetPendingIRQ                            Drivers\STM32F1xx_HAL_Driver\Src\stm32f1xx_hal_cortex.o
HAL_NVIC_GetPriority                              Drivers\STM32F1xx_HAL_Driver\Src\stm32f1xx_hal_cortex.o
HAL_NVIC_GetPriorityGrouping                      Drivers\STM32F1xx_HAL_Driver\Src\stm32f1xx_hal_cortex.o
HAL_NVIC_SetPendingIRQ                            Drivers\STM32F1xx_HAL_Driver\Src\stm32f1xx_hal_cortex.o
HAL_NVIC_SetPriority                              Drivers\STM32F1xx_HAL_Driver\Src\stm32f1xx_hal_cortex.o
                                                  Src\stm32f1xx_hal_msp.o
                                                  Src\main.o
                                                  Drivers\STM32F1xx_HAL_Driver\Src\stm32f1xx_hal.o
HAL_NVIC_SetPriorityGrouping                      Drivers\STM32F1xx_HAL_Driver\Src\stm32f1xx_hal_cortex.o
                                                  Src\stm32f1xx_hal_msp.o
                                                  Drivers\STM32F1xx_HAL_Driver\Src\stm32f1xx_hal.o
HAL_NVIC_SystemReset                              Drivers\STM32F1xx_HAL_Driver\Src\stm32f1xx_hal_cortex.o
                                                  Drivers\STM32F1xx_HAL_Driver\Src\stm32f1xx_hal_flash.o
HAL_PWR_ConfigPVD                                 Drivers\STM32F1xx_HAL_Driver\Src\stm32f1xx_hal_pwr.o
HAL_PWR_DeInit                                    Drivers\STM32F1xx_HAL_Driver\Src\stm32f1xx_hal_pwr.o
HAL_PWR_DisableBkUpAccess                         Drivers\STM32F1xx_HAL_Driver\Src\stm32f1xx_hal_pwr.o
HAL_PWR_DisablePVD                                Drivers\STM32F1xx_HAL_Driver\Src\stm32f1xx_hal_pwr.o
HAL_PWR_DisableSEVOnPend                          Drivers\STM32F1xx_HAL_Driver\Src\stm32f1xx_hal_pwr.o
HAL_PWR_DisableSleepOnExit                        Drivers\STM32F1xx_HAL_Driver\Src\stm32f1xx_hal_pwr.o
HAL_PWR_DisableWakeUpPin                          Drivers\STM32F1xx_HAL_Driver\Src\stm32f1xx_hal_pwr.o
HAL_PWR_EnableBkUpAccess                          Drivers\STM32F1xx_HAL_Driver\Src\stm32f1xx_hal_pwr.o
HAL_PWR_EnablePVD                                 Drivers\STM32F1xx_HAL_Driver\Src\stm32f1xx_hal_pwr.o
HAL_PWR_EnableSEVOnPend                           Drivers\STM32F1xx_HAL_Driver\Src\stm32f1xx_hal_pwr.o
HAL_PWR_EnableSleepOnExit                         Drivers\STM32F1xx_HAL_Driver\Src\stm32f1xx_hal_pwr.o
HAL_PWR_EnableWakeUpPin                           Drivers\STM32F1xx_HAL_Driver\Src\stm32f1xx_hal_pwr.o
HAL_PWR_EnterSLEEPMode                            Drivers\STM32F1xx_HAL_Driver\Src\stm32f1xx_hal_pwr.o
HAL_PWR_EnterSTANDBYMode                          Drivers\STM32F1xx_HAL_Driver\Src\stm32f1xx_hal_pwr.o
HAL_PWR_EnterSTOPMode                             Drivers\STM32F1xx_HAL_Driver\Src\stm32f1xx_hal_pwr.o
HAL_PWR_PVDCallback                               Drivers\STM32F1xx_HAL_Driver\Src\stm32f1xx_hal_pwr.o
HAL_PWR_PVD_IRQHandler                            Drivers\STM32F1xx_HAL_Driver\Src\stm32f1xx_hal_pwr.o
HAL_RCCEx_DisablePLL2                             Drivers\STM32F1xx_HAL_Driver\Src\stm32f1xx_hal_rcc_ex.o
HAL_RCCEx_DisablePLLI2S                           Drivers\STM32F1xx_HAL_Driver\Src\stm32f1xx_hal_rcc_ex.o
HAL_RCCEx_EnablePLL2                              Drivers\STM32F1xx_HAL_Driver\Src\stm32f1xx_hal_rcc_ex.o
HAL_RCCEx_EnablePLLI2S                            Drivers\STM32F1xx_HAL_Driver\Src\stm32f1xx_hal_rcc_ex.o
HAL_RCCEx_GetPeriphCLKConfig                      Drivers\STM32F1xx_HAL_Driver\Src\stm32f1xx_hal_rcc_ex.o
HAL_RCCEx_GetPeriphCLKFreq                        Drivers\STM32F1xx_HAL_Driver\Src\stm32f1xx_hal_rcc_ex.o
                                                  Drivers\STM32F1xx_HAL_Driver\Src\stm32f1xx_hal_adc_ex.o
                                                  Drivers\STM32F1xx_HAL_Driver\Src\stm32f1xx_hal_adc.o
HAL_RCCEx_PeriphCLKConfig                         Drivers\STM32F1xx_HAL_Driver\Src\stm32f1xx_hal_rcc_ex.o
                                                  Src\main.o
HAL_RCC_CSSCallback                               Drivers\STM32F1xx_HAL_Driver\Src\stm32f1xx_hal_rcc.o
HAL_RCC_ClockConfig                               Drivers\STM32F1xx_HAL_Driver\Src\stm32f1xx_hal_rcc.o
                                                  Src\main.o
HAL_RCC_DeInit                                    Drivers\STM32F1xx_HAL_Driver\Src\stm32f1xx_hal_rcc.o
HAL_RCC_DisableCSS                                Drivers\STM32F1xx_HAL_Driver\Src\stm32f1xx_hal_rcc.o
HAL_RCC_EnableCSS                                 Drivers\STM32F1xx_HAL_Driver\Src\stm32f1xx_hal_rcc.o
HAL_RCC_GetClockConfig                            Drivers\STM32F1xx_HAL_Driver\Src\stm32f1xx_hal_rcc.o
HAL_RCC_GetHCLKFreq                               Drivers\STM32F1xx_HAL_Driver\Src\stm32f1xx_hal_rcc.o
                                                  Src\main.o
                                                  Drivers\STM32F1xx_HAL_Driver\Src\stm32f1xx_hal.o
HAL_RCC_GetOscConfig                              Drivers\STM32F1xx_HAL_Driver\Src\stm32f1xx_hal_rcc.o
HAL_RCC_GetPCLK1Freq                              Drivers\STM32F1xx_HAL_Driver\Src\stm32f1xx_hal_rcc.o
HAL_RCC_GetPCLK2Freq                              Drivers\STM32F1xx_HAL_Driver\Src\stm32f1xx_hal_rcc.o
                                                  Drivers\STM32F1xx_HAL_Driver\Src\stm32f1xx_hal_rcc_ex.o
HAL_RCC_GetSysClockFreq                           Drivers\STM32F1xx_HAL_Driver\Src\stm32f1xx_hal_rcc.o
                                                  Drivers\STM32F1xx_HAL_Driver\Src\stm32f1xx_hal_rcc_ex.o
HAL_RCC_MCOConfig                                 Drivers\STM32F1xx_HAL_Driver\Src\stm32f1xx_hal_rcc.o
HAL_RCC_NMI_IRQHandler                            Drivers\STM32F1xx_HAL_Driver\Src\stm32f1xx_hal_rcc.o
HAL_RCC_OscConfig                                 Drivers\STM32F1xx_HAL_Driver\Src\stm32f1xx_hal_rcc.o
                                                  Src\main.o
HAL_ResumeTick                                    Drivers\STM32F1xx_HAL_Driver\Src\stm32f1xx_hal.o
HAL_SYSTICK_CLKSourceConfig                       Drivers\STM32F1xx_HAL_Driver\Src\stm32f1xx_hal_cortex.o
                                                  Src\main.o
HAL_SYSTICK_Callback                              Drivers\STM32F1xx_HAL_Driver\Src\stm32f1xx_hal_cortex.o
HAL_SYSTICK_Config                                Drivers\STM32F1xx_HAL_Driver\Src\stm32f1xx_hal_cortex.o
                                                  Src\main.o
                                                  Drivers\STM32F1xx_HAL_Driver\Src\stm32f1xx_hal.o
HAL_SYSTICK_IRQHandler                            Drivers\STM32F1xx_HAL_Driver\Src\stm32f1xx_hal_cortex.o
                                                  Src\stm32f1xx_it.o
HAL_SuspendTick                                   Drivers\STM32F1xx_HAL_Driver\Src\stm32f1xx_hal.o
HAL_TIMEx_BreakCallback                           Drivers\STM32F1xx_HAL_Driver\Src\stm32f1xx_hal_tim_ex.o
                                                  Drivers\STM32F1xx_HAL_Driver\Src\stm32f1xx_hal_tim.o
HAL_TIMEx_CommutationCallback                     Drivers\STM32F1xx_HAL_Driver\Src\stm32f1xx_hal_tim_ex.o
                                                  Drivers\STM32F1xx_HAL_Driver\Src\stm32f1xx_hal_tim.o
HAL_TIMEx_ConfigBreakDeadTime                     Drivers\STM32F1xx_HAL_Driver\Src\stm32f1xx_hal_tim_ex.o
HAL_TIMEx_ConfigCommutationEvent                  Drivers\STM32F1xx_HAL_Driver\Src\stm32f1xx_hal_tim_ex.o
HAL_TIMEx_ConfigCommutationEvent_DMA              Drivers\STM32F1xx_HAL_Driver\Src\stm32f1xx_hal_tim_ex.o
HAL_TIMEx_ConfigCommutationEvent_IT               Drivers\STM32F1xx_HAL_Driver\Src\stm32f1xx_hal_tim_ex.o
HAL_TIMEx_HallSensor_DeInit                       Drivers\STM32F1xx_HAL_Driver\Src\stm32f1xx_hal_tim_ex.o
HAL_TIMEx_HallSensor_GetState                     Drivers\STM32F1xx_HAL_Driver\Src\stm32f1xx_hal_tim_ex.o
HAL_TIMEx_HallSensor_Init                         Drivers\STM32F1xx_HAL_Driver\Src\stm32f1xx_hal_tim_ex.o
HAL_TIMEx_HallSensor_MspDeInit                    Drivers\STM32F1xx_HAL_Driver\Src\stm32f1xx_hal_tim_ex.o
HAL_TIMEx_HallSensor_MspInit                      Drivers\STM32F1xx_HAL_Driver\Src\stm32f1xx_hal_tim_ex.o
HAL_TIMEx_HallSensor_Start                        Drivers\STM32F1xx_HAL_Driver\Src\stm32f1xx_hal_tim_ex.o
HAL_TIMEx_HallSensor_Start_DMA                    Drivers\STM32F1xx_HAL_Driver\Src\stm32f1xx_hal_tim_ex.o
HAL_TIMEx_HallSensor_Start_IT                     Drivers\STM32F1xx_HAL_Driver\Src\stm32f1xx_hal_tim_ex.o
HAL_TIMEx_HallSensor_Stop                         Drivers\STM32F1xx_HAL_Driver\Src\stm32f1xx_hal_tim_ex.o
HAL_TIMEx_HallSensor_Stop_DMA                     Drivers\STM32F1xx_HAL_Driver\Src\stm32f1xx_hal_tim_ex.o
HAL_TIMEx_HallSensor_Stop_IT                      Drivers\STM32F1xx_HAL_Driver\Src\stm32f1xx_hal_tim_ex.o
HAL_TIMEx_MasterConfigSynchronization             Drivers\STM32F1xx_HAL_Driver\Src\stm32f1xx_hal_tim_ex.o
                                                  Src\main.o
HAL_TIMEx_OCN_Start                               Drivers\STM32F1xx_HAL_Driver\Src\stm32f1xx_hal_tim_ex.o
HAL_TIMEx_OCN_Start_DMA                           Drivers\STM32F1xx_HAL_Driver\Src\stm32f1xx_hal_tim_ex.o
HAL_TIMEx_OCN_Start_IT                            Drivers\STM32F1xx_HAL_Driver\Src\stm32f1xx_hal_tim_ex.o
HAL_TIMEx_OCN_Stop                                Drivers\STM32F1xx_HAL_Driver\Src\stm32f1xx_hal_tim_ex.o
HAL_TIMEx_OCN_Stop_DMA                            Drivers\STM32F1xx_HAL_Driver\Src\stm32f1xx_hal_tim_ex.o
HAL_TIMEx_OCN_Stop_IT                             Drivers\STM32F1xx_HAL_Driver\Src\stm32f1xx_hal_tim_ex.o
HAL_TIMEx_OnePulseN_Start                         Drivers\STM32F1xx_HAL_Driver\Src\stm32f1xx_hal_tim_ex.o
HAL_TIMEx_OnePulseN_Start_IT                      Drivers\STM32F1xx_HAL_Driver\Src\stm32f1xx_hal_tim_ex.o
HAL_TIMEx_OnePulseN_Stop                          Drivers\STM32F1xx_HAL_Driver\Src\stm32f1xx_hal_tim_ex.o
HAL_TIMEx_OnePulseN_Stop_IT                       Drivers\STM32F1xx_HAL_Driver\Src\stm32f1xx_hal_tim_ex.o
HAL_TIMEx_PWMN_Start                              Drivers\STM32F1xx_HAL_Driver\Src\stm32f1xx_hal_tim_ex.o
HAL_TIMEx_PWMN_Start_DMA                          Drivers\STM32F1xx_HAL_Driver\Src\stm32f1xx_hal_tim_ex.o
HAL_TIMEx_PWMN_Start_IT                           Drivers\STM32F1xx_HAL_Driver\Src\stm32f1xx_hal_tim_ex.o
HAL_TIMEx_PWMN_Stop                               Drivers\STM32F1xx_HAL_Driver\Src\stm32f1xx_hal_tim_ex.o
HAL_TIMEx_PWMN_Stop_DMA                           Drivers\STM32F1xx_HAL_Driver\Src\stm32f1xx_hal_tim_ex.o
HAL_TIMEx_PWMN_Stop_IT                            Drivers\STM32F1xx_HAL_Driver\Src\stm32f1xx_hal_tim_ex.o
HAL_TIM_Base_DeInit                               Drivers\STM32F1xx_HAL_Driver\Src\stm32f1xx_hal_tim.o
HAL_TIM_Base_GetState                             Drivers\STM32F1xx_HAL_Driver\Src\stm32f1xx_hal_tim.o
HAL_TIM_Base_Init                                 Drivers\STM32F1xx_HAL_Driver\Src\stm32f1xx_hal_tim.o
                                                  Src\main.o
HAL_TIM_Base_MspDeInit                            Src\stm32f1xx_hal_msp.o
                                                  Drivers\STM32F1xx_HAL_Driver\Src\stm32f1xx_hal_tim.o
HAL_TIM_Base_MspInit                              Src\stm32f1xx_hal_msp.o
                                                  Drivers\STM32F1xx_HAL_Driver\Src\stm32f1xx_hal_tim.o
HAL_TIM_Base_Start                                Drivers\STM32F1xx_HAL_Driver\Src\stm32f1xx_hal_tim.o
HAL_TIM_Base_Start_DMA                            Drivers\STM32F1xx_HAL_Driver\Src\stm32f1xx_hal_tim.o
HAL_TIM_Base_Start_IT                             Drivers\STM32F1xx_HAL_Driver\Src\stm32f1xx_hal_tim.o
                                                  Src\main.o
HAL_TIM_Base_Stop                                 Drivers\STM32F1xx_HAL_Driver\Src\stm32f1xx_hal_tim.o
HAL_TIM_Base_Stop_DMA                             Drivers\STM32F1xx_HAL_Driver\Src\stm32f1xx_hal_tim.o
HAL_TIM_Base_Stop_IT                              Drivers\STM32F1xx_HAL_Driver\Src\stm32f1xx_hal_tim.o
HAL_TIM_ConfigClockSource                         Drivers\STM32F1xx_HAL_Driver\Src\stm32f1xx_hal_tim.o
                                                  Src\main.o
HAL_TIM_ConfigOCrefClear                          Drivers\STM32F1xx_HAL_Driver\Src\stm32f1xx_hal_tim.o
HAL_TIM_ConfigTI1Input                            Drivers\STM32F1xx_HAL_Driver\Src\stm32f1xx_hal_tim.o
HAL_TIM_DMABurst_ReadStart                        Drivers\STM32F1xx_HAL_Driver\Src\stm32f1xx_hal_tim.o
HAL_TIM_DMABurst_ReadStop                         Drivers\STM32F1xx_HAL_Driver\Src\stm32f1xx_hal_tim.o
HAL_TIM_DMABurst_WriteStart                       Drivers\STM32F1xx_HAL_Driver\Src\stm32f1xx_hal_tim.o
HAL_TIM_DMABurst_WriteStop                        Drivers\STM32F1xx_HAL_Driver\Src\stm32f1xx_hal_tim.o
HAL_TIM_Encoder_DeInit                            Drivers\STM32F1xx_HAL_Driver\Src\stm32f1xx_hal_tim.o
HAL_TIM_Encoder_GetState                          Drivers\STM32F1xx_HAL_Driver\Src\stm32f1xx_hal_tim.o
HAL_TIM_Encoder_Init                              Drivers\STM32F1xx_HAL_Driver\Src\stm32f1xx_hal_tim.o
HAL_TIM_Encoder_MspDeInit                         Drivers\STM32F1xx_HAL_Driver\Src\stm32f1xx_hal_tim.o
HAL_TIM_Encoder_MspInit                           Drivers\STM32F1xx_HAL_Driver\Src\stm32f1xx_hal_tim.o
HAL_TIM_Encoder_Start                             Drivers\STM32F1xx_HAL_Driver\Src\stm32f1xx_hal_tim.o
HAL_TIM_Encoder_Start_DMA                         Drivers\STM32F1xx_HAL_Driver\Src\stm32f1xx_hal_tim.o
HAL_TIM_Encoder_Start_IT                          Drivers\STM32F1xx_HAL_Driver\Src\stm32f1xx_hal_tim.o
HAL_TIM_Encoder_Stop                              Drivers\STM32F1xx_HAL_Driver\Src\stm32f1xx_hal_tim.o
HAL_TIM_Encoder_Stop_DMA                          Drivers\STM32F1xx_HAL_Driver\Src\stm32f1xx_hal_tim.o
HAL_TIM_Encoder_Stop_IT                           Drivers\STM32F1xx_HAL_Driver\Src\stm32f1xx_hal_tim.o
HAL_TIM_ErrorCallback                             Drivers\STM32F1xx_HAL_Driver\Src\stm32f1xx_hal_tim.o
HAL_TIM_GenerateEvent                             Drivers\STM32F1xx_HAL_Driver\Src\stm32f1xx_hal_tim.o
HAL_TIM_IC_CaptureCallback                        Drivers\STM32F1xx_HAL_Driver\Src\stm32f1xx_hal_tim.o
HAL_TIM_IC_ConfigChannel                          Drivers\STM32F1xx_HAL_Driver\Src\stm32f1xx_hal_tim.o
                                                  Src\main.o
HAL_TIM_IC_DeInit                                 Drivers\STM32F1xx_HAL_Driver\Src\stm32f1xx_hal_tim.o
HAL_TIM_IC_GetState                               Drivers\STM32F1xx_HAL_Driver\Src\stm32f1xx_hal_tim.o
HAL_TIM_IC_Init                                   Drivers\STM32F1xx_HAL_Driver\Src\stm32f1xx_hal_tim.o
                                                  Src\main.o
HAL_TIM_IC_MspDeInit                              Drivers\STM32F1xx_HAL_Driver\Src\stm32f1xx_hal_tim.o
HAL_TIM_IC_MspInit                                Drivers\STM32F1xx_HAL_Driver\Src\stm32f1xx_hal_tim.o
HAL_TIM_IC_Start                                  Drivers\STM32F1xx_HAL_Driver\Src\stm32f1xx_hal_tim.o
HAL_TIM_IC_Start_DMA                              Drivers\STM32F1xx_HAL_Driver\Src\stm32f1xx_hal_tim.o
HAL_TIM_IC_Start_IT                               Drivers\STM32F1xx_HAL_Driver\Src\stm32f1xx_hal_tim.o
                                                  Src\main.o
HAL_TIM_IC_Stop                                   Drivers\STM32F1xx_HAL_Driver\Src\stm32f1xx_hal_tim.o
HAL_TIM_IC_Stop_DMA                               Drivers\STM32F1xx_HAL_Driver\Src\stm32f1xx_hal_tim.o
HAL_TIM_IC_Stop_IT                                Drivers\STM32F1xx_HAL_Driver\Src\stm32f1xx_hal_tim.o
HAL_TIM_IRQHandler                                Drivers\STM32F1xx_HAL_Driver\Src\stm32f1xx_hal_tim.o
                                                  Src\stm32f1xx_it.o
HAL_TIM_MspPostInit                               Src\stm32f1xx_hal_msp.o
                                                  Src\main.o
HAL_TIM_OC_ConfigChannel                          Drivers\STM32F1xx_HAL_Driver\Src\stm32f1xx_hal_tim.o
                                                  Src\main.o
HAL_TIM_OC_DeInit                                 Drivers\STM32F1xx_HAL_Driver\Src\stm32f1xx_hal_tim.o
HAL_TIM_OC_DelayElapsedCallback                   Drivers\STM32F1xx_HAL_Driver\Src\stm32f1xx_hal_tim.o
HAL_TIM_OC_GetState                               Drivers\STM32F1xx_HAL_Driver\Src\stm32f1xx_hal_tim.o
HAL_TIM_OC_Init                                   Drivers\STM32F1xx_HAL_Driver\Src\stm32f1xx_hal_tim.o
                                                  Src\main.o
HAL_TIM_OC_MspDeInit                              Drivers\STM32F1xx_HAL_Driver\Src\stm32f1xx_hal_tim.o
HAL_TIM_OC_MspInit                                Drivers\STM32F1xx_HAL_Driver\Src\stm32f1xx_hal_tim.o
HAL_TIM_OC_Start                                  Drivers\STM32F1xx_HAL_Driver\Src\stm32f1xx_hal_tim.o
HAL_TIM_OC_Start_DMA                              Drivers\STM32F1xx_HAL_Driver\Src\stm32f1xx_hal_tim.o
HAL_TIM_OC_Start_IT                               Drivers\STM32F1xx_HAL_Driver\Src\stm32f1xx_hal_tim.o
HAL_TIM_OC_Stop                                   Drivers\STM32F1xx_HAL_Driver\Src\stm32f1xx_hal_tim.o
HAL_TIM_OC_Stop_DMA                               Drivers\STM32F1xx_HAL_Driver\Src\stm32f1xx_hal_tim.o
HAL_TIM_OC_Stop_IT                                Drivers\STM32F1xx_HAL_Driver\Src\stm32f1xx_hal_tim.o
HAL_TIM_OnePulse_ConfigChannel                    Drivers\STM32F1xx_HAL_Driver\Src\stm32f1xx_hal_tim.o
HAL_TIM_OnePulse_DeInit                           Drivers\STM32F1xx_HAL_Driver\Src\stm32f1xx_hal_tim.o
HAL_TIM_OnePulse_GetState                         Drivers\STM32F1xx_HAL_Driver\Src\stm32f1xx_hal_tim.o
HAL_TIM_OnePulse_Init                             Drivers\STM32F1xx_HAL_Driver\Src\stm32f1xx_hal_tim.o
HAL_TIM_OnePulse_MspDeInit                        Drivers\STM32F1xx_HAL_Driver\Src\stm32f1xx_hal_tim.o
HAL_TIM_OnePulse_MspInit                          Drivers\STM32F1xx_HAL_Driver\Src\stm32f1xx_hal_tim.o
HAL_TIM_OnePulse_Start                            Drivers\STM32F1xx_HAL_Driver\Src\stm32f1xx_hal_tim.o
HAL_TIM_OnePulse_Start_IT                         Drivers\STM32F1xx_HAL_Driver\Src\stm32f1xx_hal_tim.o
HAL_TIM_OnePulse_Stop                             Drivers\STM32F1xx_HAL_Driver\Src\stm32f1xx_hal_tim.o
HAL_TIM_OnePulse_Stop_IT                          Drivers\STM32F1xx_HAL_Driver\Src\stm32f1xx_hal_tim.o
HAL_TIM_PWM_ConfigChannel                         Drivers\STM32F1xx_HAL_Driver\Src\stm32f1xx_hal_tim.o
                                                  Src\main.o
HAL_TIM_PWM_DeInit                                Drivers\STM32F1xx_HAL_Driver\Src\stm32f1xx_hal_tim.o
HAL_TIM_PWM_GetState                              Drivers\STM32F1xx_HAL_Driver\Src\stm32f1xx_hal_tim.o
HAL_TIM_PWM_Init                                  Drivers\STM32F1xx_HAL_Driver\Src\stm32f1xx_hal_tim.o
                                                  Src\main.o
HAL_TIM_PWM_MspDeInit                             Drivers\STM32F1xx_HAL_Driver\Src\stm32f1xx_hal_tim.o
HAL_TIM_PWM_MspInit                               Drivers\STM32F1xx_HAL_Driver\Src\stm32f1xx_hal_tim.o
HAL_TIM_PWM_PulseFinishedCallback                 Drivers\STM32F1xx_HAL_Driver\Src\stm32f1xx_hal_tim.o
HAL_TIM_PWM_Start                                 Drivers\STM32F1xx_HAL_Driver\Src\stm32f1xx_hal_tim.o
                                                  Src\main.o
HAL_TIM_PWM_Start_DMA                             Drivers\STM32F1xx_HAL_Driver\Src\stm32f1xx_hal_tim.o
HAL_TIM_PWM_Start_IT                              Drivers\STM32F1xx_HAL_Driver\Src\stm32f1xx_hal_tim.o
HAL_TIM_PWM_Stop                                  Drivers\STM32F1xx_HAL_Driver\Src\stm32f1xx_hal_tim.o
                                                  Src\main.o
HAL_TIM_PWM_Stop_DMA                              Drivers\STM32F1xx_HAL_Driver\Src\stm32f1xx_hal_tim.o
HAL_TIM_PWM_Stop_IT                               Drivers\STM32F1xx_HAL_Driver\Src\stm32f1xx_hal_tim.o
HAL_TIM_PeriodElapsedCallback                     Src\main.o
                                                  Drivers\STM32F1xx_HAL_Driver\Src\stm32f1xx_hal_tim.o
HAL_TIM_ReadCapturedValue                         Drivers\STM32F1xx_HAL_Driver\Src\stm32f1xx_hal_tim.o
HAL_TIM_SlaveConfigSynchronization                Drivers\STM32F1xx_HAL_Driver\Src\stm32f1xx_hal_tim.o
HAL_TIM_SlaveConfigSynchronization_IT             Drivers\STM32F1xx_HAL_Driver\Src\stm32f1xx_hal_tim.o
HAL_TIM_TriggerCallback                           Drivers\STM32F1xx_HAL_Driver\Src\stm32f1xx_hal_tim.o
HardFault_Handler                                 Src\stm32f1xx_it.o
                                                  Drivers\CMSIS\Device\ST\STM32F1xx\Source\Templates\gcc\startup_stm32f105xc.o
I2C1_ER_IRQHandler                                Drivers\CMSIS\Device\ST\STM32F1xx\Source\Templates\gcc\startup_stm32f105xc.o
I2C1_EV_IRQHandler                                Drivers\CMSIS\Device\ST\STM32F1xx\Source\Templates\gcc\startup_stm32f105xc.o
I2C2_ER_IRQHandler                                Drivers\CMSIS\Device\ST\STM32F1xx\Source\Templates\gcc\startup_stm32f105xc.o
I2C2_EV_IRQHandler                                Drivers\CMSIS\Device\ST\STM32F1xx\Source\Templates\gcc\startup_stm32f105xc.o
MemManage_Handler                                 Src\stm32f1xx_it.o
                                                  Drivers\CMSIS\Device\ST\STM32F1xx\Source\Templates\gcc\startup_stm32f105xc.o
NMI_Handler                                       Src\stm32f1xx_it.o
                                                  Drivers\CMSIS\Device\ST\STM32F1xx\Source\Templates\gcc\startup_stm32f105xc.o
OTG_FS_IRQHandler                                 Drivers\CMSIS\Device\ST\STM32F1xx\Source\Templates\gcc\startup_stm32f105xc.o
OTG_FS_WKUP_IRQHandler                            Drivers\CMSIS\Device\ST\STM32F1xx\Source\Templates\gcc\startup_stm32f105xc.o
PVD_IRQHandler                                    Drivers\CMSIS\Device\ST\STM32F1xx\Source\Templates\gcc\startup_stm32f105xc.o
PendSV_Handler                                    Src\stm32f1xx_it.o
                                                  Drivers\CMSIS\Device\ST\STM32F1xx\Source\Templates\gcc\startup_stm32f105xc.o
PlaySound                                         Src\main.o
RCC_IRQHandler                                    Drivers\CMSIS\Device\ST\STM32F1xx\Source\Templates\gcc\startup_stm32f105xc.o
RTC_Alarm_IRQHandler                              Drivers\CMSIS\Device\ST\STM32F1xx\Source\Templates\gcc\startup_stm32f105xc.o
RTC_IRQHandler                                    Drivers\CMSIS\Device\ST\STM32F1xx\Source\Templates\gcc\startup_stm32f105xc.o
ReadAnalogADC1                                    Src\main.o
ReadAnalogADC2                                    Src\main.o
ResetControlHIGH                                  Src\main.o
ResetControlLOW                                   Src\main.o
Reset_Handler                                     Drivers\CMSIS\Device\ST\STM32F1xx\Source\Templates\gcc\startup_stm32f105xc.o
SPI1_IRQHandler                                   Drivers\CMSIS\Device\ST\STM32F1xx\Source\Templates\gcc\startup_stm32f105xc.o
SPI2_IRQHandler                                   Drivers\CMSIS\Device\ST\STM32F1xx\Source\Templates\gcc\startup_stm32f105xc.o
SPI3_IRQHandler                                   Drivers\CMSIS\Device\ST\STM32F1xx\Source\Templates\gcc\startup_stm32f105xc.o
SVC_Handler                                       Src\stm32f1xx_it.o
                                                  Drivers\CMSIS\Device\ST\STM32F1xx\Source\Templates\gcc\startup_stm32f105xc.o
SetControlHIGH                                    Src\main.o
SetControlLOW                                     Src\main.o
StartAnalogADC1                                   Src\main.o
StartAnalogADC2                                   Src\main.o
SysTick_Handler                                   Src\stm32f1xx_it.o
                                                  Drivers\CMSIS\Device\ST\STM32F1xx\Source\Templates\gcc\startup_stm32f105xc.o
SystemClock_Config                                Src\main.o
SystemCoreClock                                   Drivers\CMSIS\Device\ST\STM32F1xx\Source\Templates\system_stm32f1xx.o
                                                  Drivers\STM32F1xx_HAL_Driver\Src\stm32f1xx_hal_rcc.o
                                                  Drivers\STM32F1xx_HAL_Driver\Src\stm32f1xx_hal_adc_ex.o
                                                  Drivers\STM32F1xx_HAL_Driver\Src\stm32f1xx_hal_adc.o
SystemCoreClockUpdate                             Drivers\CMSIS\Device\ST\STM32F1xx\Source\Templates\system_stm32f1xx.o
SystemInit                                        Drivers\CMSIS\Device\ST\STM32F1xx\Source\Templates\system_stm32f1xx.o
                                                  Drivers\CMSIS\Device\ST\STM32F1xx\Source\Templates\gcc\startup_stm32f105xc.o
TAMPER_IRQHandler                                 Drivers\CMSIS\Device\ST\STM32F1xx\Source\Templates\gcc\startup_stm32f105xc.o
TIM1_BRK_IRQHandler                               Drivers\CMSIS\Device\ST\STM32F1xx\Source\Templates\gcc\startup_stm32f105xc.o
TIM1_CC_IRQHandler                                Drivers\CMSIS\Device\ST\STM32F1xx\Source\Templates\gcc\startup_stm32f105xc.o
TIM1_TRG_COM_IRQHandler                           Drivers\CMSIS\Device\ST\STM32F1xx\Source\Templates\gcc\startup_stm32f105xc.o
TIM1_UP_IRQHandler                                Drivers\CMSIS\Device\ST\STM32F1xx\Source\Templates\gcc\startup_stm32f105xc.o
TIM2_IRQHandler                                   Drivers\CMSIS\Device\ST\STM32F1xx\Source\Templates\gcc\startup_stm32f105xc.o
TIM3_IRQHandler                                   Drivers\CMSIS\Device\ST\STM32F1xx\Source\Templates\gcc\startup_stm32f105xc.o
TIM4_IRQHandler                                   Src\stm32f1xx_it.o
                                                  Drivers\CMSIS\Device\ST\STM32F1xx\Source\Templates\gcc\startup_stm32f105xc.o
TIM5_IRQHandler                                   Drivers\CMSIS\Device\ST\STM32F1xx\Source\Templates\gcc\startup_stm32f105xc.o
TIM6_IRQHandler                                   Drivers\CMSIS\Device\ST\STM32F1xx\Source\Templates\gcc\startup_stm32f105xc.o
TIM7_IRQHandler                                   Drivers\CMSIS\Device\ST\STM32F1xx\Source\Templates\gcc\startup_stm32f105xc.o
TIMEx_DMACommutationCplt                          Drivers\STM32F1xx_HAL_Driver\Src\stm32f1xx_hal_tim_ex.o
                                                  Drivers\STM32F1xx_HAL_Driver\Src\stm32f1xx_hal_tim.o
TIM_Base_SetConfig                                Drivers\STM32F1xx_HAL_Driver\Src\stm32f1xx_hal_tim.o
                                                  Drivers\STM32F1xx_HAL_Driver\Src\stm32f1xx_hal_tim_ex.o
TIM_CCxChannelCmd                                 Drivers\STM32F1xx_HAL_Driver\Src\stm32f1xx_hal_tim.o
                                                  Drivers\STM32F1xx_HAL_Driver\Src\stm32f1xx_hal_tim_ex.o
TIM_DMACaptureCplt                                Drivers\STM32F1xx_HAL_Driver\Src\stm32f1xx_hal_tim.o
                                                  Drivers\STM32F1xx_HAL_Driver\Src\stm32f1xx_hal_tim_ex.o
TIM_DMADelayPulseCplt                             Drivers\STM32F1xx_HAL_Driver\Src\stm32f1xx_hal_tim.o
                                                  Drivers\STM32F1xx_HAL_Driver\Src\stm32f1xx_hal_tim_ex.o
TIM_DMAError                                      Drivers\STM32F1xx_HAL_Driver\Src\stm32f1xx_hal_tim.o
                                                  Drivers\STM32F1xx_HAL_Driver\Src\stm32f1xx_hal_tim_ex.o
TIM_OC2_SetConfig                                 Drivers\STM32F1xx_HAL_Driver\Src\stm32f1xx_hal_tim.o
                                                  Drivers\STM32F1xx_HAL_Driver\Src\stm32f1xx_hal_tim_ex.o
TIM_TI1_SetConfig                                 Drivers\STM32F1xx_HAL_Driver\Src\stm32f1xx_hal_tim.o
                                                  Drivers\STM32F1xx_HAL_Driver\Src\stm32f1xx_hal_tim_ex.o
TXBuf                                             Src\main.o
UART4_IRQHandler                                  Drivers\CMSIS\Device\ST\STM32F1xx\Source\Templates\gcc\startup_stm32f105xc.o
UART5_IRQHandler                                  Drivers\CMSIS\Device\ST\STM32F1xx\Source\Templates\gcc\startup_stm32f105xc.o
USART1_IRQHandler                                 Drivers\CMSIS\Device\ST\STM32F1xx\Source\Templates\gcc\startup_stm32f105xc.o